[info] Parsing from 1 files
[error] [code:100] Defline '@BILLIEHOLIDAY_1_FC20F3DAAXX:8:2:342:540' not recognized [001.read.unsupported.fq:1]
