[error] [code:110] Read NB501550:336:H75GGAFXY:2:11101:10137:1038: no sequence data [001.read.no_sequence.fq:1]
