[info] File group: input/002.readTypes_interleaved_1.fq, input/002.readTypes_interleaved_2.fq
[error] [code:20] No readTypes provided
