Spot: NB551628:63:HTL7VAFXY:1:11101:14600:1041
reads 3:
num:1(T)
GGAGCCGTGGGTGAATAG
+
AAAAAEEEEEEEEEEEA/
num:1(B)
TAGAAAAAAACTGAATATGTTTTCATAAGACGACGAAAATATTTGGCTTGGCGTTCTGTTTCCCTTTGTTGAAAATCTTCACTGCAAGTAATCAATTCATTGAAGCGGCGCACGAAAAACGCGAAAGCGTTTCACGATAAATGCGA
+
AAAAAEEEEEEEEEEEEEEEEEEEEEEEEEEEEEEEEEEEEEEEEEEEEEEEEEEEEEEEEEEEEEEEEEEEEEEEEEEEAEEEEEEEEEEEEEEEEEEEEEEEEEEEEEEEEEEEEEEEEEEEEEEAEEEEEAEAAEAEEEE<AA
num:1(B)
TAGAAAAAAACTGAATATGTTTTCATAAGACGACGAAAATATTTGGCTTGGCGTTCTGTTTCCCTTTGTTGAAAATCTTCACTGCAAGTAATCAATTCATTGAAGCGGCGCACGAAAAACGCGAAAGCGTTTCACGATAAATGCGA
+
AAAAAEEEEEEEEEEEEEEEEEEEEEEEEEEEEEEEEEEEEEEEEEEEEEEEEEEEEEEEEEEEEEEEEEEEEEEEEEEEAEEEEEEEEEEEEEEEEEEEEEEEEEEEEEEEEEEEEEEEEEEEEEEAEEEEEAEAAEAEEEE<AA
Spot: NB551628:63:HTL7VAFXY:1:11101:18743:1042
reads 3:
num:1(T)
AATGGCAGAAATAGTTGC
+
AAAAAEEEEEEEEEEEEE
num:1(B)
ACGATATCCAAACATTCATGAAAAGCAATTTTCATATACCTGGACAGTAGAGGTCGGAAGAGATCATTATTATACTCAAATTGTAAGAGATCTCATTGATAAAGTTGGTTTAGGTTTTTATAAATGAAGCGGCGCACGAAAAACGC
+
AAAAAEEEEEEEEEEEEEEEEEEEEEEEEEEEEEEEEEEEEEEEEEEEEEEEEEEEEEEEEEEEEEEEEEEEEEEEEEEEEEEEEEEEEEEAEEEEEEEE<EEEEEEEEEEEEEEEEEEEEAEEEEEEE66A6<<<AAAEEEEA<A
num:1(B)
ACGATATCCAAACATTCATGAAAAGCAATTTTCATATACCTGGACAGTAGAGGTCGGAAGAGATCATTATTATACTCAAATTGTAAGAGATCTCATTGATAAAGTTGGTTTAGGTTTTTATAAATGAAGCGGCGCACGAAAAACGC
+
AAAAAEEEEEEEEEEEEEEEEEEEEEEEEEEEEEEEEEEEEEEEEEEEEEEEEEEEEEEEEEEEEEEEEEEEEEEEEEEEEEEEEEEEEEEAEEEEEEEE<EEEEEEEEEEEEEEEEEEEEAEEEEEEE66A6<<<AAAEEEEA<A
Spot: NB551628:63:HTL7VAFXY:1:11101:9057:1042
reads 3:
num:1(T)
GGTTCCGAGTTTATTTTT
+
AAAAAEEEEEEEEEEEEE
num:1(B)
TTAGGATATCTTCATGTTTCTTTGCGAACTCAATCATTTCTGATTTCTTTTCATCATGTGCAATTAATGCTATATTCATTATAAATCACCTCATTAAACATTATATAAGAAAAAAAGCTCTAATGAAATCATTAAAGCTATAAAAT
+
AAAAAEEEEEEEEEEEEEEEEEEEAEEEEEEEEEEEEEEEEEEEEEEEEEEEEEAAEEEEEEEEEEEEEEEEEEEEEEEEAEEEEEAEEEEAAEEAEEEAEEEEAEAEEEEEEEEEEEEEEEEEEAAEEAAEEAEEA6A<EEEE</
num:1(B)
TTAGGATATCTTCATGTTTCTTTGCGAACTCAATCATTTCTGATTTCTTTTCATCATGTGCAATTAATGCTATATTCATTATAAATCACCTCATTAAACATTATATAAGAAAAAAAGCTCTAATGAAATCATTAAAGCTATAAAAT
+
AAAAAEEEEEEEEEEEEEEEEEEEAEEEEEEEEEEEEEEEEEEEEEEEEEEEEEAAEEEEEEEEEEEEEEEEEEEEEEEEAEEEEEAEEEEAAEEAEEEAEEEEAEAEEEEEEEEEEEEEEEEEEAAEEAAEEAEEA6A<EEEE</
