Spot: CL100048465L2C001R015_402436
reads 2:
num:1(B)
CTCAGGCAAAGACGCAGCGAAATCGTCATAACTCTCAGCAGGACCACCAGTCTTCTCAACCACAACCTCCCTTTTCTTTTCATCAACCTTAAAGATGACA
+
deecdcddebeZded_ede_cbdda\ccbddebcadWadddUKVeebe^^^^^^^^^^^^^^^^^^^^^^^^^^^^^^^^^^^^^^^^^^^^^^^^^^^^
num:2(B)
CAAATTCACTACTCTTTCATCCCTTTAAATCCTTCATACATTTTCCATGTCTTTCAGAGGTCTCAGCCGGCCAAATGCTTCATCTGGCATGGGTGTTGAT
+
_eecQ]b`ccebZb^Y]ca[acaZScdc\`ca`UdaZacd`_ddbce\bTddddcb`cdXd\aebb^b`ad`cceda]ed_eY_eS^ceedN`ddb`cO^
Spot: CL100048465L2C001R001_5
reads 2:
num:1(B)
CTTAGATATGTCGGGGGTGAAACACGGATTATTAGTATAAGAAAGGACATAAGTTGGCCGGAGCTTATGCAGAAAATATTATCGATCTATAATGAAACTC
+
ffebeeefefefffffeeeeeeeeffeeeeeeedeeeeddeeeefeeeeedeee_fefffeeeeefedeffeeefeffddfdebddee_ed[dffcffdb
num:2(B)
GCGAGTTTCATTATAGATCGATAATATTTTCTGCATAAGCTCCGGCCAACTTATGTCCTTTCTTATACTAATAATCCGTGTTTCACCCCCGGCATATCTA
+
eeeeeeeeffee`efeeeeffeeeeeeeeffffeeed`ffefefeff`efVdc`f_dffeedeededfebdee\`fed_feeee\efeefcGbS]ec_dW
Spot: CL100048465L2C001R015_402447
reads 2:
num:1(B)
ATCGGTCGCAATTTGTTATGGTGGCTCTGAATTTAGATTTGATCTGTGTTTTCGTTATTCTGTGTCAGTTTTAATTTTTGTTCATGTGTTACGGATTGTG
+
eeeeeeedeeecbdeceeeedeed[eede_edceebeeebdadcdddbceYeeddedddde_bdeeeedeb_cceedeedeeefede`eeead`beVdce
num:2(B)
ATTGAACCCCCTTCCTTTTTGTGTTTCTGTTACTATTAGTTGAGTGTGTTGTTGTGTCCTGTTATGTTAAACAGTTGTGTTAAACATAAAACAAATGATG
+
eeed_dSddcdcdecc_cccc`eW^Zecda`c_b_d`ebdeeYTd[d_bddce`Edebb`a_a`[bSdea]]Ue\d^`ebdeedWXYb]`bee^eSY_eb
Spot: CL100048465L2C001R001_10
reads 2:
num:1(B)
TGAACAAGAAGACTACGTTGTCATCAAACACGCTGCTCTATTCACTTCAACCATCATGAGCAAGCTTCTTGCAAAACCTAACGTAAAACTTTTCAATGCT
+
efc^feefdefeeeeffeefdfeeefeeedeffefedfeeeeeefeefeeeeffefefefffdfeeefedffdeeeffffdefddddecede_edeefef
num:2(B)
CCCAGTTTGTAACAACACCAGCAACTCTGTTTTCCTTCACAATCAAATCCTCAGCAGCAACAGCATTGAAAAGTTTTACGTTAGGTTTTGCAAGAAGCTT
+
ffeeeeeedYefeeefeefefeeeeefefeffffedfd]dfeefeecefcefeeeecfefeae`eeeeVedcc_feebeeebRdfde^efb^Ndef^aec
Spot: CL100048465L2C001R015_402480
reads 2:
num:1(B)
GGGAAATATAGTTCTTACAACGGTCAAGTACAAACAAAGTAGTAATAAAGGGTGGTGCAAATATCAAACTTAGTAGGTTTCTGGTGTGTGTGCAATGAAA
+
eeeeedfeeeeeeeeedeffefe`edeefdedfeeeedee_`eeeeeeeee_eee[eeeeeefffefceeeeeceeeeeeddfeeeefeeeeedeeedcc
num:2(B)
GCTGACTGTAAAGCTGAATACCCAAACTCATTCATCAGAATCATTGGATTTGACAATGTTCGTCAAGTGCAGTGCATTAGTTTCATTGCACACACACCAG
+
eeeeeeeeeede]eeeeeZeYeeeeeeee_eeeeeZeeceeeeeeeeeee\eeeeefefeeeeefceeeeeeeeeefeeeeeeeeeeedeeeffefbeff
Spot: CL100048465L2C001R015_402494
reads 2:
num:1(B)
CTGCGACTTAAAATCAGTATCACACCTAGGTGTTTGTAGCCCTGGTGTAAATCTGCTGACTTGAATGAGCAGACACCAACCTGATTAAACCTTTAGCCAT
+
deeeeWeddddeeeeeeeeedfVeebeeecceebae^Ueeeeeecceeec\_edZeYeSecded`_daeebe`ddeeYbee_ac`\]WbeecedZdeedZ
num:2(B)
GCCAGCCAAATCTGGCGGTGGCAAACAGAAGAAGAAGAAGTGGAGCAAGGGAAAGCAAAAGGAGAAAGTGAACAACATGGTGCTGTTTGATCAGGGTACC
+
dccMd`cURTTdSe`cda_dY^\c`dRd`\dR_cSZdVZd[e\]e^]Wcca[ZaebYES\beSeTWSdXeZXdV_ebUd`TdbPeLGTcITcddY_LXec
Spot: CL100048465L2C001R001_12
reads 2:
num:1(B)
CCCTTTTGATAATCAGGCTCGCAGAAAGCTCCTCCAAGATCATCACAAGCCTCTGCTTGGAAAACCGTCTTAGGCTCATTGTAATCAAGATACTCCCTCT
+
_fdeeeeedeeeeeefeedeecdeU]ceedeedee]ReWdeeeeeeee[ffeeeeeeedddbcbeeedeXceeeeeedeeeedeeeeeeedeeefefeee
num:2(B)
TTACAATTCTGCATTCTCAGTGTTTCCAGCTGAGGCATGTGAAACGATTGGAGGGGATGCTTGTTTGGCAGACATGGATCCTGAAGTCAAGCTGCAGCCT
+
eeeeeeeeeeeefedeeeceafcecee`eeeedeecedeee`dUfeaeeecZeceedfffeeaeeef_feaefeeeJVee`efdZeddRdeeee]e\ead
Spot: CL100048465L2C001R015_402520
reads 2:
num:1(B)
GAAAAACATGTTTATGAAGCTGATATAATCTTTGTTAATGTTAACACACCAACAAAAACAAGTGGCCTTGGAGCTGGCAAAGCCGCGGATTTAACTTATT
+
cdedYZdedeS`bdacVabcccX`ceeeacdc`eded`cddccddede_ecceeeaeceeabae_edcdcc\cede`eca\ee\deeaS^edfeaeeeee
num:2(B)
GTTCTAACTGGAACAGTCGATTTCTCAACGACAATTTTGTTTGATCTTGAAACATCAGCTATCATTCTCGCTGCACTTTCCCAATAAGTTAAATCCGCGG
+
cdU`eeb`eeKad\cc`cbY`ae_`adddce_eeadabc]_^`Wd^d__ba[aadaaacddb^e_eSee_be`]dcQ[db_c^c]YZ]NaeS\`OaUbG`
Spot: CL100048465L2C001R001_24
reads 2:
num:1(B)
GTGGAAGGTACCATTGGAAGTGTTGAAACATTGGGTGAATCCTTTTTCGGTGGTTTCGATGCCTTTGTCTGTTGCTGCAGCTGCTGCGTTTTTAGGGCTT
+
cffceeffddff_ddfdcdeffddfedfffffecfff_fffdafdeafecfeffdeeedffffeeffeffeccfdeff[fffeeffdcffffd]faedea
num:2(B)
TTTCTCTTCATTTTATACAATCTCCTTCCCAATATAAGAAGCCCTAAAAACGCAGCAGCTGCAGCAACAGACAAAGGCATCGAAACCACCGAAAAAGGAT
+
deaddcddddddddddc^dddcaddddb`d`cb^baadecfecdadefdebcfdd\fcdc`^ea`_df^Lf_defd\Zf`a^`e[VffdaeYc_fdWX[e
Spot: CL100048465L2C001R015_402522
reads 2:
num:1(B)
CAAAGTTGTTGCCAGTGGTGGCAAGAAGATTAAGACTGACACACCTTATGGAACTGGAGGTGGCATGGCCTTGCCAGATGGAAAAGATGCTTCTGGCAGG
+
eeec^QZedceeeddaaeRecbU_dcea[ad`]ebd`VYd^^^^^^^^^^^^^^^^^^^^^^^^^^^^^^^^^^^^^^^^^^^^^^^^^^^^^^^^^^^^
num:2(B)
GTCTATTGTGACAAAGCACTTGTGTTGTAGACAAGGAGTGCACCACCAGCTAGAAGACCAGCTAGAGTTACTGCCCAGATAGCCAAGCCCGTCGGACCTC
+
`c\edXdc```UZX^^_UY`VbX\[d]de_I]__U[P^^c^L[Zb\_UN`a\\YRREV`^[ZddWObddeddU^]]_SW^c[ZccT^aVFa\`]ZRd^bb
