[error] [code:170] Collation check. Duplicate spot 'CL100159005L1C001R001_2' at index 0
