       BASE_COUNT: 798
   BIO_BASE_COUNT: 798
   CMP_BASE_COUNT: 798
CMP_LINKAGE_GROUP: 
     COLOR_MATRIX: 0, 1, 2, 3, 4, 1, 0, 3, 2, 4, 2, 3, 0, 1, 4, 3, 2, 1, 0, 4, 4, 4, 4, 4, 4
           CSREAD: 02123011032113003322110220022200103231333121221313323333221121030210103010021013001013213022003000313012103130101022120231301120133013301021030022010303311212103020322101303323213222201312030133023222030132201031220213011122033133303021323002311003110321203331102202000203
           CS_KEY: T
        CS_NATIVE: false
   FIXED_SPOT_LEN: 0
    LINKAGE_GROUP: 
      MAX_SPOT_ID: 3
      MIN_SPOT_ID: 1
             NAME: SRR000123.10
         PLATFORM: SRA_PLATFORM_UNDEFINED
          QUALITY: 28, 28, 28, 28, 36, 28, 28, 37, 29, 28, 28, 28, 27, 36, 30, 8, 27, 28, 26, 28, 26, 37, 28, 27, 39, 33, 13, 28, 24, 39, 33, 13, 33, 24, 22, 28, 27, 28, 28, 28, 26, 28, 28, 27, 26, 28, 28, 28, 28, 28, 28, 27, 27, 28, 28, 28, 28, 28, 27, 28, 27, 35, 26, 33, 26, 27, 31, 24, 35, 28, 33, 26, 34, 29, 9, 27, 31, 22, 27, 34, 30, 9, 33, 25, 25, 26, 25, 25, 34, 27, 26, 37, 33, 16, 38, 34, 22, 8, 24, 26, 33, 25, 27, 26, 35, 28, 26, 27, 34, 28, 34, 28, 33, 26, 27, 27, 27, 30, 21, 27, 28, 27, 32, 24, 26, 28, 31, 22, 28, 27, 32, 24, 24, 28, 35, 28, 34, 27, 27, 33, 26, 31, 26, 3, 26, 34, 28, 31, 23, 31, 23, 23, 28, 27, 26, 26, 27, 25, 34, 28, 33, 28, 34, 28, 28, 27, 27, 34, 28, 26, 34, 28, 28, 27, 27, 28, 27, 27, 27, 26, 28, 28, 35, 28, 28, 28, 28, 34, 27, 34, 28, 26, 27, 34, 28, 28, 27, 26, 26, 35, 28, 35, 28, 24, 28, 28, 34, 27, 34, 28, 26, 28, 26, 33, 26, 27, 26, 31, 23, 28, 26, 27, 27, 33, 26, 28, 28, 27, 27, 27, 34, 27, 34, 27, 27, 27, 25, 28, 37, 33, 17, 27, 26, 27, 37, 33, 16, 24, 23, 33, 26, 24, 27, 26, 33, 26, 27, 26, 28, 28, 34, 28, 27, 34, 27, 38, 34, 21, 7, 33, 26, 16
         RAW_NAME: SRR000123.10
        RD_FILTER: SRA_READ_FILTER_PASS
             READ: TCAGCCACCGACATTTATCTGTTCTTTCTCCCAATCGTATACTGAGTACGCTATATCTGTCAATTCAACCGGTTTCAACGGGTTGCTGCCTCCCGGGGCATTGACCGTAACCAAGACTTCGTAACAGGTATTGCGGTTCAATTTCTTGGCCGCACTGACCGGAATCTGGTAATAGCTGCTCTCCATGAATTGCGGATCTCCGGTAGAACCGTCTTCATTGTGAGGCGTATAATTCATCGGGATGTTTACAATCAGGCGCACCTCCTTTTCCG
      READ_FILTER: SRA_READ_FILTER_PASS
         READ_LEN: 272
         READ_SEG: [0, 272]
       READ_START: 0
        READ_TYPE: SRA_READ_TYPE_BIOLOGICAL
       SIGNAL_LEN: 0
       SPOT_COUNT: 3
       SPOT_GROUP: 
          SPOT_ID: 1
         SPOT_LEN: 272
         TRIM_LEN: 272
       TRIM_START: 0

       BASE_COUNT: 798
   BIO_BASE_COUNT: 798
   CMP_BASE_COUNT: 798
CMP_LINKAGE_GROUP: 
     COLOR_MATRIX: 0, 1, 2, 3, 4, 1, 0, 3, 2, 4, 2, 3, 0, 1, 4, 3, 2, 1, 0, 4, 4, 4, 4, 4, 4
           CSREAD: 0212133120302031103223023130302333331100230101211112020102102023030100111020031210320003031033121131131213113211032000132301322100113002211313331220312000132031302330330022331330202022022002211001010221301221321323012311302113311332101033223110202203011220212312
           CS_KEY: T
        CS_NATIVE: false
   FIXED_SPOT_LEN: 0
    LINKAGE_GROUP: 
      MAX_SPOT_ID: 3
      MIN_SPOT_ID: 1
             NAME: SRR000123.11
         PLATFORM: SRA_PLATFORM_UNDEFINED
          QUALITY: 28, 28, 26, 26, 28, 28, 28, 26, 35, 26, 34, 25, 30, 20, 28, 25, 37, 29, 27, 28, 28, 37, 29, 27, 28, 28, 36, 27, 37, 29, 27, 27, 28, 28, 28, 28, 28, 41, 35, 16, 26, 37, 28, 36, 28, 26, 25, 27, 28, 28, 28, 36, 28, 36, 27, 36, 27, 27, 34, 24, 33, 23, 28, 31, 21, 37, 28, 40, 33, 14, 28, 25, 34, 27, 36, 31, 12, 25, 25, 25, 34, 27, 26, 37, 33, 20, 5, 33, 25, 21, 29, 21, 27, 27, 22, 25, 27, 28, 27, 28, 28, 28, 27, 27, 26, 26, 28, 28, 27, 27, 26, 34, 28, 28, 37, 34, 20, 6, 23, 17, 15, 29, 20, 24, 24, 21, 24, 34, 29, 9, 28, 17, 30, 26, 2, 26, 20, 19, 17, 17, 17, 17, 20, 19, 27, 25, 34, 26, 28, 22, 36, 32, 17, 1, 24, 20, 27, 18, 27, 23, 33, 26, 27, 26, 34, 28, 19, 37, 33, 17, 27, 19, 27, 27, 23, 26, 33, 27, 28, 20, 31, 26, 17, 31, 26, 27, 37, 33, 17, 26, 24, 27, 31, 27, 5, 34, 28, 31, 26, 27, 22, 23, 34, 28, 27, 23, 22, 19, 26, 16, 23, 27, 26, 34, 28, 17, 22, 7, 19, 11, 24, 14, 25, 27, 20, 27, 24, 24, 27, 18, 28, 28, 25, 15, 34, 28, 27, 23, 20, 17, 27, 25, 33, 25, 29, 21, 22, 34, 27, 25, 15, 25, 7, 28, 30, 21, 25, 22, 27, 19, 19, 17
         RAW_NAME: SRR000123.11
        RD_FILTER: SRA_READ_FILTER_PASS
             READ: TCAGTATGAATTCCGTGGCTCGGATGCCGGATATATGTTTCGGTTGACACAGGAACCTGGAAGCCGGTTTGTGGAAATGACCGAAAATTACCGCAGTGCACGTCATGTAGTGGCTTTTGCTAACGAGTTTGTAAAGACATGCGCAGAATGAAAACGAATGCCTATTATTTCTATGCGGAAGGAGGAGGGAGTGGGTTGGAGTAACTCATCATCGGTCGTGCCTGTATGTATCAACCGCTCGTGGAAGAATTGTCTTCAGCAG
      READ_FILTER: SRA_READ_FILTER_PASS
         READ_LEN: 262
         READ_SEG: [0, 262]
       READ_START: 0
        READ_TYPE: SRA_READ_TYPE_BIOLOGICAL
       SIGNAL_LEN: 0
       SPOT_COUNT: 3
       SPOT_GROUP: 
          SPOT_ID: 2
         SPOT_LEN: 262
         TRIM_LEN: 262
       TRIM_START: 0

       BASE_COUNT: 798
   BIO_BASE_COUNT: 798
   CMP_BASE_COUNT: 798
CMP_LINKAGE_GROUP: 
     COLOR_MATRIX: 0, 1, 2, 3, 4, 1, 0, 3, 2, 4, 2, 3, 0, 1, 4, 3, 2, 1, 0, 4, 4, 4, 4, 4, 4
           CSREAD: 021223230310323132313220212100222021223323122220130103132133332013121323122301300232301313201211100211212211223032322123003120303302023102030103111320011332210331020023130202021223113011030132013220123232330313100113321033223312011032123131023010313100003120312200
           CS_KEY: T
        CS_NATIVE: false
   FIXED_SPOT_LEN: 0
    LINKAGE_GROUP: 
      MAX_SPOT_ID: 3
      MIN_SPOT_ID: 1
             NAME: SRR000123.12
         PLATFORM: SRA_PLATFORM_UNDEFINED
          QUALITY: 28, 28, 27, 28, 28, 26, 27, 37, 29, 28, 35, 26, 28, 26, 28, 20, 28, 28, 24, 27, 27, 27, 37, 29, 27, 28, 28, 41, 35, 16, 28, 28, 37, 28, 28, 28, 28, 28, 26, 27, 27, 27, 28, 28, 28, 28, 37, 29, 27, 37, 28, 37, 28, 27, 28, 28, 28, 28, 28, 27, 28, 28, 34, 27, 27, 27, 27, 27, 27, 26, 26, 27, 27, 26, 27, 34, 27, 26, 37, 33, 17, 27, 25, 27, 34, 27, 23, 27, 27, 27, 34, 27, 27, 26, 25, 28, 37, 33, 16, 27, 27, 27, 25, 27, 27, 27, 28, 26, 28, 27, 35, 28, 27, 28, 27, 27, 26, 28, 27, 37, 33, 16, 26, 28, 31, 26, 26, 17, 28, 33, 25, 24, 14, 28, 21, 26, 17, 26, 17, 34, 27, 30, 21, 25, 24, 24, 24, 27, 32, 28, 7, 25, 8, 27, 20, 27, 25, 31, 23, 26, 17, 33, 26, 31, 26, 4, 24, 28, 13, 31, 26, 32, 24, 32, 27, 7, 20, 25, 17, 27, 24, 23, 33, 28, 15, 22, 12, 23, 13, 27, 25, 34, 28, 22, 5, 17, 33, 25, 26, 27, 23, 27, 27, 26, 25, 33, 27, 7, 27, 28, 31, 26, 3, 24, 12, 27, 28, 27, 31, 23, 27, 20, 25, 27, 22, 18, 27, 34, 28, 23, 34, 28, 27, 27, 9, 28, 27, 27, 24, 32, 27, 25, 34, 28, 35, 28, 18, 7, 17, 38, 34, 23, 12, 1, 24, 19, 34, 27, 20, 21, 24, 36, 32, 13
         RAW_NAME: SRR000123.12
        RD_FILTER: SRA_READ_FILTER_PASS
             READ: TCAGATCGGCAATCGTAGCATCTTCAGTTTCTCCTGAGCGATGAGAGGTAACCGTAGTATATCCATGACGATGAGCCATTTCGATTGCATCCAGTGTTTCACTGAGTGAGCCGATCTGATTTACTTAATAAGGATGGAATTGGCACATCCCACGCTCAATACCTTTCGTAAGGAAGTCTACATTGTTAACGAACGAGGTCGATCGCCGTACCCACGCTGGCGAGCGTCCACCGACTACGTTCGGTTACGTTTTTACTTACTCCC
      READ_FILTER: SRA_READ_FILTER_PASS
         READ_LEN: 264
         READ_SEG: [0, 264]
       READ_START: 0
        READ_TYPE: SRA_READ_TYPE_BIOLOGICAL
       SIGNAL_LEN: 0
       SPOT_COUNT: 3
       SPOT_GROUP: 
          SPOT_ID: 3
         SPOT_LEN: 264
         TRIM_LEN: 264
       TRIM_START: 0

