       BASE_COUNT: 605
   BIO_BASE_COUNT: 605
   CMP_BASE_COUNT: 605
CMP_LINKAGE_GROUP: 
     COLOR_MATRIX: 0, 1, 2, 3, 4, 1, 0, 3, 2, 4, 2, 3, 0, 1, 4, 3, 2, 1, 0, 4, 4, 4, 4, 4, 4
           CSREAD: 021210023002012331130011033133230233111022331010003110311021202310200113011320222330110103222021332332130211230321222111331011200023320310203112311200023320.
           CS_KEY: T
        CS_NATIVE: false
   FIXED_SPOT_LEN: 0
    LINKAGE_GROUP: 
      MAX_SPOT_ID: 3
      MIN_SPOT_ID: 1
             NAME: 1
         PLATFORM: SRA_PLATFORM_UNDEFINED
          QUALITY: 28, 27, 25, 22, 37, 30, 8, 24, 37, 30, 8, 29, 18, 27, 28, 27, 28, 28, 28, 37, 30, 9, 27, 35, 25, 27, 27, 27, 28, 27, 25, 37, 29, 28, 27, 28, 28, 25, 35, 26, 28, 28, 26, 28, 35, 26, 43, 36, 23, 11, 19, 24, 36, 27, 28, 28, 36, 28, 28, 26, 36, 28, 28, 28, 36, 27, 37, 31, 10, 28, 28, 36, 27, 28, 28, 27, 35, 28, 27, 23, 27, 28, 34, 26, 26, 32, 24, 31, 22, 26, 27, 24, 29, 21, 27, 27, 28, 28, 28, 27, 28, 27, 27, 32, 25, 23, 27, 25, 26, 34, 27, 27, 28, 27, 26, 27, 27, 27, 24, 27, 25, 28, 33, 26, 23, 23, 38, 34, 21, 7, 21, 27, 27, 34, 28, 28, 34, 28, 34, 28, 27, 28, 27, 5, 27, 24, 28, 38, 34, 22, 8, 25, 27, 27, 33, 25, 0
        RD_FILTER: SRA_READ_FILTER_PASS
             READ: TCAGTTTCGGGAACTATGTAAACAATACGCTAAGCGTGTTCTATGGTTTTACAATGTTCAGGATGGAAACATTGTAGGAGATAACAACCGAGAAGTATCGCTGCCTGTCGGCTGAGACACGCAACAGGGGATAGGCAAGGCACTACAGGGGATAGGN
      READ_FILTER: SRA_READ_FILTER_PASS
         READ_LEN: 157
         READ_SEG: [0, 157]
       READ_START: 0
        READ_TYPE: SRA_READ_TYPE_BIOLOGICAL
       SIGNAL_LEN: 0
       SPOT_COUNT: 3
       SPOT_GROUP: 
          SPOT_ID: 1
         SPOT_LEN: 157
         TRIM_LEN: 157
       TRIM_START: 0

       BASE_COUNT: 605
   BIO_BASE_COUNT: 605
   CMP_BASE_COUNT: 605
CMP_LINKAGE_GROUP: 
     COLOR_MATRIX: 0, 1, 2, 3, 4, 1, 0, 3, 2, 4, 2, 3, 0, 1, 4, 3, 2, 1, 0, 4, 4, 4, 4, 4, 4
           CSREAD: 0212323113012102000312333011322331202002303323200230312320022301013000022123103113311011103312010311102202032031113210221021002200300012000033000001020130200232210123131000123113210202302102001012123321013310300302131332122130023313123321320021112313200221112022201330102030312122
           CS_KEY: T
        CS_NATIVE: false
   FIXED_SPOT_LEN: 0
    LINKAGE_GROUP: 
      MAX_SPOT_ID: 3
      MIN_SPOT_ID: 1
             NAME: 2
         PLATFORM: SRA_PLATFORM_UNDEFINED
          QUALITY: 27, 28, 19, 24, 28, 25, 28, 27, 28, 35, 26, 28, 28, 37, 28, 41, 34, 19, 4, 24, 28, 28, 28, 28, 36, 27, 28, 28, 27, 24, 28, 28, 28, 26, 36, 28, 39, 33, 13, 27, 35, 26, 28, 28, 28, 28, 36, 29, 7, 27, 35, 25, 27, 28, 27, 28, 37, 30, 9, 28, 27, 35, 26, 36, 27, 28, 44, 36, 24, 13, 3, 28, 27, 27, 26, 24, 33, 26, 25, 27, 27, 26, 26, 27, 31, 24, 26, 25, 31, 24, 28, 23, 28, 29, 20, 34, 28, 27, 25, 23, 34, 27, 28, 29, 21, 31, 23, 28, 28, 20, 27, 27, 27, 27, 28, 27, 35, 28, 27, 24, 35, 28, 26, 37, 33, 16, 26, 33, 29, 8, 38, 34, 22, 8, 27, 39, 35, 24, 14, 4, 27, 39, 34, 24, 17, 10, 3, 31, 25, 34, 28, 28, 34, 28, 37, 33, 16, 23, 27, 28, 26, 35, 28, 28, 27, 25, 27, 28, 39, 35, 23, 11, 18, 27, 28, 27, 27, 27, 27, 34, 27, 35, 28, 27, 34, 28, 26, 34, 28, 37, 33, 16, 34, 28, 26, 25, 27, 26, 26, 27, 27, 35, 28, 26, 27, 25, 31, 23, 37, 32, 14, 34, 28, 27, 27, 27, 27, 28, 25, 27, 25, 28, 27, 24, 37, 33, 17, 27, 27, 27, 26, 26, 26, 26, 28, 27, 27, 27, 27, 37, 33, 15, 27, 27, 27, 27, 27, 28, 28, 26, 37, 33, 16, 24, 25, 27, 27, 28, 34, 28, 24, 25, 34, 27, 17, 24, 34, 28, 34, 27, 34, 27, 34, 27, 27, 27, 23, 27, 19, 27
        RD_FILTER: SRA_READ_FILTER_PASS
             READ: TCAGCTACATTGACCTTTTACTATAACATCTATGAAGGGATTATCGAAAGCCGTCGAAAGATTGGTAAAAAGACTACCGTGCGTGGTGTTATGAACCGTGTTCTTCCGAATGTGCTGGAGTTCAAAGAAATTTTGAAAAATAAAAAACCTTGCCTTTCGAGTTGATGCAAAACTACATCAAGGATTCAAGGGTTGACTATCAACGCAATTTAAGTACGCTGAGTAAAGCGTACTATCATCCCTGTGATGCTTTCTGTGAAGAGGTATTGGAATTACTGAG
      READ_FILTER: SRA_READ_FILTER_PASS
         READ_LEN: 280
         READ_SEG: [0, 280]
       READ_START: 0
        READ_TYPE: SRA_READ_TYPE_BIOLOGICAL
       SIGNAL_LEN: 0
       SPOT_COUNT: 3
       SPOT_GROUP: 
          SPOT_ID: 2
         SPOT_LEN: 280
         TRIM_LEN: 280
       TRIM_START: 0

       BASE_COUNT: 605
   BIO_BASE_COUNT: 605
   CMP_BASE_COUNT: 605
CMP_LINKAGE_GROUP: 
     COLOR_MATRIX: 0, 1, 2, 3, 4, 1, 0, 3, 2, 4, 2, 3, 0, 1, 4, 3, 2, 1, 0, 4, 4, 4, 4, 4, 4
           CSREAD: 02120000213300010201113302312032021013211123101211131013113313011230110302210130301112310031321011330113021333300113020302202122211133101120002332031020311111200023320.
           CS_KEY: T
        CS_NATIVE: false
   FIXED_SPOT_LEN: 0
    LINKAGE_GROUP: 
      MAX_SPOT_ID: 3
      MIN_SPOT_ID: 1
             NAME: 3
         PLATFORM: SRA_PLATFORM_UNDEFINED
          QUALITY: 28, 28, 27, 43, 36, 23, 12, 1, 28, 27, 24, 40, 34, 18, 1, 33, 23, 32, 22, 26, 28, 28, 28, 36, 27, 28, 28, 28, 36, 27, 27, 27, 16, 26, 29, 18, 26, 27, 27, 28, 28, 28, 28, 28, 36, 28, 28, 28, 28, 28, 28, 28, 36, 28, 28, 28, 28, 28, 28, 28, 28, 36, 27, 28, 28, 28, 35, 25, 28, 33, 26, 34, 27, 28, 28, 34, 27, 28, 34, 27, 34, 27, 27, 28, 28, 28, 27, 35, 30, 10, 27, 27, 28, 27, 33, 25, 27, 28, 27, 33, 25, 27, 28, 33, 26, 28, 27, 28, 27, 28, 35, 30, 11, 28, 27, 34, 26, 32, 25, 33, 25, 27, 30, 22, 28, 28, 27, 28, 27, 27, 27, 28, 28, 27, 35, 28, 27, 28, 38, 34, 21, 7, 25, 27, 28, 34, 28, 27, 34, 28, 35, 28, 28, 28, 27, 28, 28, 28, 39, 35, 23, 10, 27, 26, 28, 34, 28, 0
        RD_FILTER: SRA_READ_FILTER_PASS
             READ: TCAGGGGGACGCCCCAAGGTGTATTCGTCCGAAGTTGCTGTGATGGTCACATGGTACATACGGTGATTGTTAAGACCATTAACACTACCCGTAGTTGTATTGTAAGTATATTTGTAAGGCCTCCTGAGACACGCAACAGGGGATAGGCAAGGCACACAGGGGATAGGN
      READ_FILTER: SRA_READ_FILTER_PASS
         READ_LEN: 168
         READ_SEG: [0, 168]
       READ_START: 0
        READ_TYPE: SRA_READ_TYPE_BIOLOGICAL
       SIGNAL_LEN: 0
       SPOT_COUNT: 3
       SPOT_GROUP: 
          SPOT_ID: 3
         SPOT_LEN: 168
         TRIM_LEN: 168
       TRIM_START: 0

