latf-load err: data incomplete while reading data within alignment module - Premature EOF, FASTQ_input failed
latf-load warn: The file contained no records that were processed.
latf-load err: data empty while reading file within alignment module - accession="obj" errors="0" status="failure"
latf-load err: data empty while reading file within alignment module - load failed
