An error occured: unrecognized tool rcexplain
If this continues to happen, please contact the SRA Toolkit at https://trace.ncbi.nlm.nih.gov/Traces/sra/
