fasterq-dump SRR000001
fasterq-dump ERR000001
fasterq-dump DRR000001
