sra-pileup SRR000001
sra-pileup ERR000001
sra-pileup DRR000001
