prefetch https://sra-download-internal.ncbi.nlm.nih.gov/sos5/sra-pub-zq-11/SRR000/000/SRR000001/SRR000001.lite.1 https://sra-download-internal.ncbi.nlm.nih.gov/sos5/sra-pub-zq-11/ERR000/000/ERR000001/ERR000001.sralite.1 https://sra-download-internal.ncbi.nlm.nih.gov/sos5/sra-pub-zq-11/DRR000/001/DRR000001.sralite.1
