SRP000001 is not a run accession. For more information, see https://www.ncbi.nlm.nih.gov/sra/?term=SRP000001
Automatic expansion of container accessions is not currently available. See the above link(s) for information about the accessions.
