       READ: ACTCGACATTCTGCCTTCGACCTATCTTTCTCCTCTCCCAGTCATCGCCCAGTAGAATTACCAGGCAATGAACCAGGGCCTTCCATCCCAACGGCACAGCA
     REF_ID: 1
SEQ_SPOT_ID: 1

       READ: ATATGGGTTCACTCCAACAGTGAACCATTCCAAAAGACCTTGCCTGCGTGGCCATCTCCTCACAAACCCACCATCCCGCAACATCTCAGGTATCATACCTT
     REF_ID: 1
SEQ_SPOT_ID: 1

       READ: GATTTGAGTGATACCAAACAAGAGAATACAGAAAGTAAGGGACAAAGGGGGAGGGCTCTCTGAAGCGGCATGTTCCTCTTTCAACATTAAAATGGAAAGCC
     REF_ID: 1
SEQ_SPOT_ID: 2

       READ: TCCTCCTTCAACATTAAAATGGAAAGCCCCATCATCCATGTGGTATATGGGCAGCCAGCAAACCTTACAAACACCACTTTTCAGATTTTCCAGAGCATCCA
     REF_ID: 1
SEQ_SPOT_ID: 2

       READ: TTGGACATGCAAACCTTGCCAATCAGAGGCTTTAATGCCGAACTGAAATCTTGCCAAAGCCTGATTTCAGTTTCAGCAATGACAGAATCTTGCTCATGCGG
     REF_ID: 1
SEQ_SPOT_ID: 165753

