     ALIGNMENT_COUNT: 1, 1
          BASE_COUNT: 460687866
      BIO_BASE_COUNT: 460687866
      CMP_BASE_COUNT: 57930065
            CMP_READ: 
        COLOR_MATRIX: 0, 1, 2, 3, 4, 1, 0, 3, 2, 4, 2, 3, 0, 1, 4, 3, 2, 1, 0, 4, 4, 4, 4, 4, 4
              CSREAD: 3122321130221302023210233220022202222001212132330012132203031012031031201012003020201320010130311123130201331233102122231101330023101100100111220222310301133120310201220001020310102112110102211201001333
              CS_KEY: TT
           CS_NATIVE: false
         MAX_SPOT_ID: 2280633
         MIN_SPOT_ID: 1
                NAME: 1
            PLATFORM: SRA_PLATFORM_ILLUMINA
PRIMARY_ALIGNMENT_ID: 1, 2
           RD_FILTER: SRA_READ_FILTER_PASS, SRA_READ_FILTER_PASS
                READ: ACTCGACATTCTGCCTTCGACCTATCTTTCTCCTCTCCCAGTCATCGCCCAGTAGAATTACCAGGCAATGAACCAGGGCCTTCCATCCCAACGGCACAGCAAAGGTATGATACCTGAGATGTTGCGGGATGGTGGGTTTGTGAGGAGATGGCCACGCAGGCAAGGTCTTTTGGAATGGTTCACTGTTGGAGTGAACCCATAT
         READ_FILTER: SRA_READ_FILTER_PASS, SRA_READ_FILTER_PASS
            READ_LEN: 101, 101
          READ_START: 0, 101
           READ_TYPE: SRA_READ_TYPE_BIOLOGICAL|SRA_READ_TYPE_FORWARD, SRA_READ_TYPE_BIOLOGICAL|SRA_READ_TYPE_REVERSE
          SIGNAL_LEN: 0
          SPOT_COUNT: 2280633
          SPOT_GROUP: C1ELY.6
             SPOT_ID: 1
            SPOT_LEN: 202
            TRIM_LEN: 202
          TRIM_START: 0

