[error] [code:100] Defline not recognized [001.read.no_quality.fq:5]
