[error] Invaid quality encoding (min: 33, max: 102) [001.read.invalid_quality64.fq]
