[error] [code:111] Read NB501550:336:H75GGAFXY:2:11101:10137:1038: no quality scores [001.read.no_quality_2.fq:1]
