[error] [code:30] readTypes number should match number of input files
