[error] [code:50] File 'input/003.empty.fq' has no reads
