[info] File group: input/001.R1.fastq
[info] File group: input/005.offset0_1.fq
[error] [code:70] Input files have deflines from different platforms 2 != 0
