Spot: NB551628:63:HTL7VAFXY:1:11101:14600:1041
reads 3:
num:1(B)
TAGAAAAAAACTGAATATGTTTTCATAAGACGACGAAAATATTTGGCTTGGCGTTCTGTTTCCCTTTGTTGAAAATCTTCACTGCAAGTAATCAATTCATTGAAGCGGCGCACGAAAAACGCGAAAGCGTTTCACGATAAATGCGA
+
AAAAAEEEEEEEEEEEEEEEEEEEEEEEEEEEEEEEEEEEEEEEEEEEEEEEEEEEEEEEEEEEEEEEEEEEEEEEEEEEAEEEEEEEEEEEEEEEEEEEEEEEEEEEEEEEEEEEEEEEEEEEEEEAEEEEEAEAAEAEEEE<AA
num:2(B)
ATGAATTGATTACTTGCAGTGAAGATTTTCAACAAAGGGAAACAGAACGCCAAGCCAAATATTTTCGTCGTCTTATGAAAACATATTCAGTTTTTTTCTATGGGCCGGTGCAGTTAATGTAGGGAAAGAGTGTACTCATAAGTGTA
+
AAAAAEEEEEEEEEEEEEEEEEEEEEEEEEEEEEEEEEEEEEEEE/EEEEEEEEEEEEEEEEEEEEEEEEEEEEEEEEEEEEEEEEEEEEEAEEEEEEEE<EEEEAEA<EEEEEAEEE<EEEEEEAEEEEEEEEEEEAE<EEEEE/
num:1(T)
GGAGCCGTGGGTGAATAG
+
AAAAAEEEEEEEEEEEA/
Spot: NB551628:63:HTL7VAFXY:1:11101:18743:1042
reads 3:
num:1(B)
ACGATATCCAAACATTCATGAAAAGCAATTTTCATATACCTGGACAGTAGAGGTCGGAAGAGATCATTATTATACTCAAATTGTAAGAGATCTCATTGATAAAGTTGGTTTAGGTTTTTATAAATGAAGCGGCGCACGAAAAACGC
+
AAAAAEEEEEEEEEEEEEEEEEEEEEEEEEEEEEEEEEEEEEEEEEEEEEEEEEEEEEEEEEEEEEEEEEEEEEEEEEEEEEEEEEEEEEEAEEEEEEEE<EEEEEEEEEEEEEEEEEEEEAEEEEEEE66A6<<<AAAEEEEA<A
num:2(B)
TTTATAAAAACCTAAACCAACTTTATCAATGAGATCTCTTACAATTTGAGTATAATAATGATCTCTTCCGACCTCTACTGTCCAGGTATATGAAAATTGCTTTTCATGAATGTTTGGATATCGTTGGGCCGGTGCAGTTAATGTAG
+
AAAAAEEEEAEEEEEEEEEEEEEEEEEEEEEEEEEEEEEEEEEEEEEEEEEEEEEEEEEEEEEEEEEAEEEEEEEEEEEEEEEEEEEEEEE<EEEEEEAEEEEEEEEEEEEEEEEEEEEEEAEEEEEE/AAAEEAEEEEEEEEEE/
num:1(T)
AATGGCAGAAATAGTTGC
+
AAAAAEEEEEEEEEEEEE
Spot: NB551628:63:HTL7VAFXY:1:11101:9057:1042
reads 3:
num:1(B)
TTAGGATATCTTCATGTTTCTTTGCGAACTCAATCATTTCTGATTTCTTTTCATCATGTGCAATTAATGCTATATTCATTATAAATCACCTCATTAAACATTATATAAGAAAAAAAGCTCTAATGAAATCATTAAAGCTATAAAAT
+
AAAAAEEEEEEEEEEEEEEEEEEEAEEEEEEEEEEEEEEEEEEEEEEEEEEEEEAAEEEEEEEEEEEEEEEEEEEEEEEEAEEEEEAEEEEAAEEAEEEAEEEEAEAEEEEEEEEEEEEEEEEEEAAEEAAEEAEEA6A<EEEE</
num:2(B)
ATAATAATCATGATGGTATTGGTAAATTTATTGAAAAATATATTTTATAGCTTTAATGATTTCATTAGAGCTTTTTTTCTTATATAATGTTTAATGAGGTGATTTATAATGAATATAGCATTAATTGCACATGATGAAAAGAAATC
+
AAAAAEEEEEEEEEEEEEEEEEEEEEEEEEEEEEEEEEEEEEEEEEEEEEEEEEEEEEEEAEEEEEAEEEAEEEEEEEEEEEEEEEEEAEEE/EEEAAEE<EEEEEEEEEE<EEEEEEAEEEEEEEEAE<EE<EAEEEEEEEEEEE
num:1(T)
GGTTCCGAGTTTATTTTT
+
AAAAAEEEEEEEEEEEEE
Spot: NB551628:63:HTL7VAFXY:1:11101:19722:1042
reads 3:
num:1(B)
TTGATGTTTCTTTAAATGAAGAACACCATCTTTTAATTCAGTAACAATTCCTTCAGCATCTTCATCACTCATTGAAGCGGCGCACGAAAAACGCGAAAGCGTTTCACGATAAATGCGAAAACGGGAACGGATGGAGGTGGAGTAAG
+
AAAAAEEEEEEEEEEEEEEEEEEEEEEEEEEEEEEEEEEEEEEEEEEEEEEEEEEEEEE<AEEEEEEAEAEEEEEE<AEEEEEEA<EEEEEEEEEEAEE<AAEE<EEEEEEEEEEEEEEEEAEEEEEEAEEAEAEAEEEEEEEEEE
num:2(B)
ATGAGTGATGAAGATGCTGAAGGAATTGTTACTGAATTAAAAGATGGTGTTCTTCATTTAAAGAAACATCAATGGGCCGGTGCAGTTAATGTAGGGAAAGAGTGTACTCATAAGTGTAGATCTCGGTGGTCGCCGTATCATTAAAA
+
AAAAAEEEEEEEEEEEAEEEEEAEEEEEEEEEEEEEEEEEEEEEEEEEEEEEEEEEEAEEEEE<EAEEEEEEEEEAAEEEEAEEAE<EEEAEEAEEEEEEEEE<EEEEEEEEEEAEEEEA<AE<A<EEEEEEEEEEE/EEEEEAEE
num:1(T)
TTCATCGTATTTGTCTTA
+
AA/AAEEEEEAE/EEEAA
Spot: NB551628:63:HTL7VAFXY:1:11101:25833:1043
reads 3:
num:1(B)
CTGGTTATTGCATAAAGATTGTCCAAGTGAAAGAAAGGAGGCAAAATAATGGAAGATAAAGTTTTACTTTCTCTACAGGATTTATCTAAAAATTTCCATGTCAACGGTGGAACATTAAAAGCTGTTAATCATGTTGAAGCGGCGCA
+
AAAAAEEEEEEEEEEEAEEEAEEEEEEEEEEEEEEE/EEEEAEEEEEEEEEEEEEEEEEEEEEEEEEEEE<EEEEEEAEEAEEEE<EEEEEEEEE/EEE/E<EEAEAEEEAE6<<EEEEEE<AAEEEEE/EEAEE<AE/66</A//
num:2(B)
ACATGATTAACAGCTTTTAATGTTCCACCGTTGACATGGAAATTTTTAGATAAATCCTGTAGAGAAAGTAAAACTTTATCTTCCATTATTTTGCCTCCTTTCTTTCACTTGGACAATCTTTATGCAATAACCAGTGGGCCGGTGCA
+
AAAAAEEEEEEEE<EEEEEEEEEEAEAAAEEE/EEEEEAEEEEEEEEEAEEEEEE<<EEEEAEAEEEEEEEEEEEEEEE<AEE6EEEEEEEE/EAEA<<EEEEEEAE/AAA/EEEEEEA<AEE//AE<EE</A//</<A/<//6<<
num:1(T)
ATAGTCAAAATCATCTTG
+
AAAAAEEEEEEEEEEEEE
Spot: NB551628:63:HTL7VAFXY:1:11101:13863:1043
reads 3:
num:1(B)
TGGATATTTATTAAATACAGAGCGTTATCAAGTTTCATTGAGGTATGACAATCAAACAACTCCTGTCATTACAAGTTCAACGACCATTGAAGATAAAGAACCCTTAGGAAGTATTCATTTAGAAAAAGAAATAGAGAGTACTATTA
+
AAAAAAEEEEEEEEEEEEEEEEEEEEEEEEEEEEEEEEEEEEEEEEEEEEEEEEE6EEEEEEEEEEEEEEEEEEEEEEE/EEEEEEEEEEEEEEEEEEAEEEAEEEEEEEEAEEEEEEEEAEEEEEEEEEEEAEEAEEEAAEEEE<
num:2(B)
TCCAGAGACATTTGTAATCTTTTCTCGAGCATATAATCCAAATTCTACTTGAGATAAAAAAGCATCACCAAGTTGGTGATCTGTAATAGTACTCTCTATTTCTTTTTCTAAATGAATACTTCCTAAGGGTTCTTTATCTTCAATGG
+
AAAAAEEEEEEEEEEEEEEEEEEEEEEEEEEEEEEEEEEEEEEEEEEEEEEEEEEEEEEEEEEEEEEEEEEEEEEEEEEA<EEEEEEEEEEEEEEEAEAEAEEEEEEAEEEEEEEEEEAEEEEEEEEEEEAEAEEEEEEEEEEEEA
num:1(T)
GGCAGCGTCTGCATCCCC
+
AAA6AEEEEEEEEEEEEE
Spot: NB551628:63:HTL7VAFXY:1:11101:2560:1044
reads 3:
num:1(B)
TCTACCATAATCCTTCATCTTATACTATGCAAAATACAAAAGGATTGTTCAGTATAAAAATAGTCACCTTCCATTATTTTCTTCATTGAAGCGGCGCACGAAAAACGCGAAAGCGTTTCACGATAAATGCGAAAACGGGAACGGAT
+
AAAAAEEEEEAEEEAEEEE/AEEEEAAEEEEEEEAEEEEEEAEE/EEEAEE/E/<EEEEEEAEEEEEAE<EEEE/<EEEAAE<EE/E//E/EEAEEAEEEEEEEEEEEEAEEEE/EEEEEEEE/EEEEEA/AE<E</<EAE<A6E/
num:2(B)
ATGAAGAAAATAATGGAAGGTGACTATTTATATACTGAACAATCCTTTTGTATTTTGCATAGTATAAGATGAAGGATTATGGTAGATGGGCCGGTGCAGTTAATGTAGGGAAAGAGTGTACTCATAAGTGTAGATCTCGGTGGTCG
+
A/AAAEEEEEEEE<EEEEEEE/EEEEEEA/EE/EEAEEEEE//EE<EE///E<EEEEEEEE/EE/EEEEEAEEAAEEAE6AE/EEEE/6EEE<EEEEEE<<<A</EEE<EEEEEE<E/<A<EEE6<AE/<AEE<AA<AAEEEE6A<
num:1(T)
TGTGTCGACAATGCACTT
+
AAAAAEAEEEE66EEE/E
Spot: NB551628:63:HTL7VAFXY:1:11101:19273:1044
reads 3:
num:1(B)
AGGATGCTGTAAACGAGAGTTGAGGAGGGGTTGATATGAGTATTGGAAAAAAGCTTTTATATTTAAGACAACAAAGAGGGCTTTCTCAAGAAGAGTTAGCAAGTGCTTTACACGTTTCTCGACAAACGATTTCAAAATGGGAATCA
+
AAAAAEEEEEAEEEEEEEEEEEEEEEEEEEEEEEEEEEEEEEEEAAAEEEEEEEEEEEEEEEEEEEEEEEEEEEEEEEAEEEEEEEEEEEEEEEEEAEE6EEEEEEEEEEEE<EEEEEEEEEEEEEAEEEEA<AEEEAAA<AEEAA
num:2(B)
ATAACATCATTTTCATATCAGGTAAACTTAAATCTGATTCCCATTTTGAAATCGTTTGTCGAGAAACGTGTAAAGCACTTGCTAACTCTTCTTGAGAAAGCCCTCTTTGTTGTCTTAAATATAAAAGCTTTTTTCCAATACTCATA
+
AAAAAEEEEEEEEEEEEEEEEAEEEEEEAEEEEEEAEEEEEEEEE<EEEEAEEAE<AAEEEEEEEEEAAEEEEEE/EEEEEEEEEEEEEEEEAEEEEE/EE6EEEAA<<EAAEEEEEEEAEE<EAAEA</EEEEE/A6/AAEAA//
num:1(T)
AATCCTGCAACTAGATGT
+
AAA/AEEEEEEEEEEEEE
Spot: NB551628:63:HTL7VAFXY:1:11101:15271:1044
reads 3:
num:1(B)
ACCTATAAAAATGGGATTTTCTATCAAATTTATAAGTAAAAAAAATGTATGAACTAATAATTAGGTTCTTTCTTACTTTAGGATGTAAATAAAAAGGGAAGAATTAATTTCATTGATAAATTCAATGATTTTAAAACTTCCTTGTT
+
AAAAAEEEEEEEEEEEEEEEEEEEEEEEEEEEEEEEEEEEEEEEEEEEEEEE/EEEEEEEEAEEEEEEEEEEEEEEEEEEEEEAEEEEAE<EEEAEA/E/<E/E/EAEEA/<EE/EEAE/E</E/A/AEEE<EE<//E<E/AA6EE
num:2(B)
ATTGGGTAAATGAAAACAAGGAAGTTTTAAAATCATTGAATTTATCAATGAAATTAATTCTTCCCTTTTTATTTACATCCTAAAGTAAGAAAGAACCTAATTATTAGTTCATACATTTTTTTTAGTTATAAATTTGATAGAAAATC
+
AAAAAEEEEEEEEEEEEEEEEEEEEEEEEEEEEEEEEEEEEEEEEEEEEEEEEEEEEEEEEEEEAEEEE66EEEE/EEE/EEEA<6EA<EEA<E<E/EE/EAAEAAEE</EEA<EEEEAE<E/E/AAAAEE/EEE/EEE<EEE///
num:1(T)
TATGTTGGAGTTAGATGA
+
AAAAAEEEEEEEEEEEEE
