SRR000123:
    table
    9 columns with checksums
    0 columns without checksums
    1 index

