{
    "name":"SRR341576",
    "dbtype":"database",
    "hasMetadata":true,
    "hasMD5_File":true,
    "isLocked":true,
    "isSealed":false,
    "hasErrors":false,
    "hasTables":true,
    "hasDatabases":false,
    "children":[{
        "name":"PRIMARY_ALIGNMENT",
        "dbtype":"table",
        "fstype":"directory",
        "hasMetadata":true,
        "hasMD5_File":true,
        "isLocked":false,
        "isSealed":false,
        "hasErrors":false,
        "hasColumns":true,
        "hasIndices":false,
        "children":[{
            "name":"GLOBAL_REF_START",
            "dbtype":"column",
            "fstype":"directory",
            "hasMetadata":true,
            "hasMD5_File":true,
            "isLocked":false,
            "isSealed":false,
            "hasErrors":false,
            "hasChecksum_CRC":true,
            "hasChecksum_MD5":false,
            "reversedByteOrder":false,
            "isStatic":false
            },
            {
            "name":"HAS_MISMATCH",
            "dbtype":"column",
            "fstype":"directory",
            "hasMetadata":true,
            "hasMD5_File":true,
            "isLocked":false,
            "isSealed":false,
            "hasErrors":false,
            "hasChecksum_CRC":true,
            "hasChecksum_MD5":false,
            "reversedByteOrder":false,
            "isStatic":false
            },
            {
            "name":"HAS_REF_OFFSET",
            "dbtype":"column",
            "fstype":"directory",
            "hasMetadata":true,
            "hasMD5_File":true,
            "isLocked":false,
            "isSealed":false,
            "hasErrors":false,
            "hasChecksum_CRC":true,
            "hasChecksum_MD5":false,
            "reversedByteOrder":false,
            "isStatic":false
            },
            {
            "name":"MAPQ",
            "dbtype":"column",
            "fstype":"directory",
            "hasMetadata":true,
            "hasMD5_File":true,
            "isLocked":false,
            "isSealed":false,
            "hasErrors":false,
            "hasChecksum_CRC":true,
            "hasChecksum_MD5":false,
            "reversedByteOrder":false,
            "isStatic":false
            },
            {
            "name":"MISMATCH",
            "dbtype":"column",
            "fstype":"directory",
            "hasMetadata":true,
            "hasMD5_File":true,
            "isLocked":false,
            "isSealed":false,
            "hasErrors":false,
            "hasChecksum_CRC":true,
            "hasChecksum_MD5":false,
            "reversedByteOrder":false,
            "isStatic":false
            },
            {
            "name":"REF_LEN",
            "dbtype":"column",
            "fstype":"directory",
            "hasMetadata":true,
            "hasMD5_File":true,
            "isLocked":false,
            "isSealed":false,
            "hasErrors":false,
            "hasChecksum_CRC":true,
            "hasChecksum_MD5":false,
            "reversedByteOrder":false,
            "isStatic":false
            },
            {
            "name":"REF_OFFSET",
            "dbtype":"column",
            "fstype":"directory",
            "hasMetadata":true,
            "hasMD5_File":true,
            "isLocked":false,
            "isSealed":false,
            "hasErrors":false,
            "hasChecksum_CRC":true,
            "hasChecksum_MD5":false,
            "reversedByteOrder":false,
            "isStatic":false
            },
            {
            "name":"REF_ORIENTATION",
            "dbtype":"column",
            "fstype":"directory",
            "hasMetadata":true,
            "hasMD5_File":true,
            "isLocked":false,
            "isSealed":false,
            "hasErrors":false,
            "hasChecksum_CRC":true,
            "hasChecksum_MD5":false,
            "reversedByteOrder":false,
            "isStatic":false
            },
            {
            "name":"SEQ_READ_ID",
            "dbtype":"column",
            "fstype":"directory",
            "hasMetadata":true,
            "hasMD5_File":true,
            "isLocked":false,
            "isSealed":false,
            "hasErrors":false,
            "hasChecksum_CRC":true,
            "hasChecksum_MD5":false,
            "reversedByteOrder":false,
            "isStatic":false
            },
            {
            "name":"SEQ_SPOT_ID",
            "dbtype":"column",
            "fstype":"directory",
            "hasMetadata":true,
            "hasMD5_File":true,
            "isLocked":false,
            "isSealed":false,
            "hasErrors":false,
            "hasChecksum_CRC":true,
            "hasChecksum_MD5":false,
            "reversedByteOrder":false,
            "isStatic":false
            }
        ]
        },
        {
        "name":"REFERENCE",
        "dbtype":"table",
        "fstype":"directory",
        "hasMetadata":true,
        "hasMD5_File":true,
        "isLocked":false,
        "isSealed":false,
        "hasErrors":false,
        "hasColumns":true,
        "hasIndices":true,
        "children":[{
            "name":"CGRAPH_HIGH",
            "dbtype":"column",
            "fstype":"directory",
            "hasMetadata":true,
            "hasMD5_File":true,
            "isLocked":false,
            "isSealed":false,
            "hasErrors":false,
            "hasChecksum_CRC":true,
            "hasChecksum_MD5":false,
            "reversedByteOrder":false,
            "isStatic":false
            },
            {
            "name":"CGRAPH_INDELS",
            "dbtype":"column",
            "fstype":"directory",
            "hasMetadata":true,
            "hasMD5_File":true,
            "isLocked":false,
            "isSealed":false,
            "hasErrors":false,
            "hasChecksum_CRC":true,
            "hasChecksum_MD5":false,
            "reversedByteOrder":false,
            "isStatic":false
            },
            {
            "name":"CGRAPH_LOW",
            "dbtype":"column",
            "fstype":"directory",
            "hasMetadata":true,
            "hasMD5_File":true,
            "isLocked":false,
            "isSealed":false,
            "hasErrors":false,
            "hasChecksum_CRC":true,
            "hasChecksum_MD5":false,
            "reversedByteOrder":false,
            "isStatic":false
            },
            {
            "name":"CGRAPH_MISMATCHES",
            "dbtype":"column",
            "fstype":"directory",
            "hasMetadata":true,
            "hasMD5_File":true,
            "isLocked":false,
            "isSealed":false,
            "hasErrors":false,
            "hasChecksum_CRC":true,
            "hasChecksum_MD5":false,
            "reversedByteOrder":false,
            "isStatic":false
            },
            {
            "name":"CIRCULAR",
            "dbtype":"column",
            "fstype":"directory",
            "hasMetadata":true,
            "hasMD5_File":true,
            "isLocked":false,
            "isSealed":false,
            "hasErrors":false,
            "hasChecksum_CRC":true,
            "hasChecksum_MD5":false,
            "reversedByteOrder":false,
            "isStatic":false
            },
            {
            "name":"CS_KEY",
            "dbtype":"column",
            "fstype":"directory",
            "hasMetadata":true,
            "hasMD5_File":true,
            "isLocked":false,
            "isSealed":false,
            "hasErrors":false,
            "hasChecksum_CRC":true,
            "hasChecksum_MD5":false,
            "reversedByteOrder":false,
            "isStatic":false
            },
            {
            "name":"PRIMARY_ALIGNMENT_IDS",
            "dbtype":"column",
            "fstype":"directory",
            "hasMetadata":true,
            "hasMD5_File":true,
            "isLocked":false,
            "isSealed":false,
            "hasErrors":false,
            "hasChecksum_CRC":true,
            "hasChecksum_MD5":false,
            "reversedByteOrder":false,
            "isStatic":false
            },
            {
            "name":"SEQ_ID",
            "dbtype":"column",
            "fstype":"directory",
            "hasMetadata":true,
            "hasMD5_File":true,
            "isLocked":false,
            "isSealed":false,
            "hasErrors":false,
            "hasChecksum_CRC":true,
            "hasChecksum_MD5":false,
            "reversedByteOrder":false,
            "isStatic":false
            },
            {
            "name":"SEQ_LEN",
            "dbtype":"column",
            "fstype":"directory",
            "hasMetadata":true,
            "hasMD5_File":true,
            "isLocked":false,
            "isSealed":false,
            "hasErrors":false,
            "hasChecksum_CRC":true,
            "hasChecksum_MD5":false,
            "reversedByteOrder":false,
            "isStatic":false
            },
            {
            "name":"SEQ_START",
            "dbtype":"column",
            "fstype":"directory",
            "hasMetadata":true,
            "hasMD5_File":true,
            "isLocked":false,
            "isSealed":false,
            "hasErrors":false,
            "hasChecksum_CRC":true,
            "hasChecksum_MD5":false,
            "reversedByteOrder":false,
            "isStatic":false
            },
            {
            "name":"i_name",
            "dbtype":"index",
            "fstype":"file",
            "hasMetadata":false,
            "hasMD5_File":false,
            "isLocked":false,
            "isSealed":false,
            "hasErrors":false,
            "hasChecksum_MD5":true,
            "isTextIndex":true,
            "isIdIndex":false,
            "reverseByteOrder":false
            }
        ]
        },
        {
        "name":"SEQUENCE",
        "dbtype":"table",
        "fstype":"directory",
        "hasMetadata":true,
        "hasMD5_File":true,
        "isLocked":false,
        "isSealed":false,
        "hasErrors":false,
        "hasColumns":true,
        "hasIndices":false,
        "children":[{
            "name":"ALIGNMENT_COUNT",
            "dbtype":"column",
            "fstype":"directory",
            "hasMetadata":true,
            "hasMD5_File":true,
            "isLocked":false,
            "isSealed":false,
            "hasErrors":false,
            "hasChecksum_CRC":true,
            "hasChecksum_MD5":false,
            "reversedByteOrder":false,
            "isStatic":false
            },
            {
            "name":"CMP_ALTREAD",
            "dbtype":"column",
            "fstype":"directory",
            "hasMetadata":true,
            "hasMD5_File":true,
            "isLocked":false,
            "isSealed":false,
            "hasErrors":false,
            "hasChecksum_CRC":true,
            "hasChecksum_MD5":false,
            "reversedByteOrder":false,
            "isStatic":false
            },
            {
            "name":"CMP_READ",
            "dbtype":"column",
            "fstype":"directory",
            "hasMetadata":true,
            "hasMD5_File":true,
            "isLocked":false,
            "isSealed":false,
            "hasErrors":false,
            "hasChecksum_CRC":true,
            "hasChecksum_MD5":false,
            "reversedByteOrder":false,
            "isStatic":false
            },
            {
            "name":"PRIMARY_ALIGNMENT_ID",
            "dbtype":"column",
            "fstype":"directory",
            "hasMetadata":true,
            "hasMD5_File":true,
            "isLocked":false,
            "isSealed":false,
            "hasErrors":false,
            "hasChecksum_CRC":true,
            "hasChecksum_MD5":false,
            "reversedByteOrder":false,
            "isStatic":false
            },
            {
            "name":"QUALITY",
            "dbtype":"column",
            "fstype":"directory",
            "hasMetadata":true,
            "hasMD5_File":true,
            "isLocked":false,
            "isSealed":false,
            "hasErrors":false,
            "hasChecksum_CRC":true,
            "hasChecksum_MD5":false,
            "reversedByteOrder":false,
            "isStatic":false
            },
            {
            "name":"RD_FILTER",
            "dbtype":"column",
            "fstype":"directory",
            "hasMetadata":true,
            "hasMD5_File":true,
            "isLocked":false,
            "isSealed":false,
            "hasErrors":false,
            "hasChecksum_CRC":true,
            "hasChecksum_MD5":false,
            "reversedByteOrder":false,
            "isStatic":false
            },
            {
            "name":"READ_TYPE",
            "dbtype":"column",
            "fstype":"directory",
            "hasMetadata":true,
            "hasMD5_File":true,
            "isLocked":false,
            "isSealed":false,
            "hasErrors":false,
            "hasChecksum_CRC":true,
            "hasChecksum_MD5":false,
            "reversedByteOrder":false,
            "isStatic":false
            }
        ]
        }
    ]
}
