<SRA_INFO>
 <platform>SRA_PLATFORM_454</platform>
 <platform>SRA_PLATFORM_ILLUMINA</platform>
 <platform>SRA_PLATFORM_UNDEFINED</platform>
</SRA_INFO>
