119, TECHNICAL, 4, BIOLOGICAL, 259, 
112, TECHNICAL, 4, BIOLOGICAL, 256, 
110, TECHNICAL, 4, BIOLOGICAL, 265, 
103, TECHNICAL, 4, BIOLOGICAL, 261, 
99, TECHNICAL, 4, BIOLOGICAL, 270, 
99, TECHNICAL, 4, BIOLOGICAL, 262, 
96, TECHNICAL, 4, BIOLOGICAL, 269, 
95, TECHNICAL, 4, BIOLOGICAL, 253, 
95, TECHNICAL, 4, BIOLOGICAL, 264, 
93, TECHNICAL, 4, BIOLOGICAL, 266, 
93, TECHNICAL, 4, BIOLOGICAL, 255, 
92, TECHNICAL, 4, BIOLOGICAL, 263, 
91, TECHNICAL, 4, BIOLOGICAL, 254, 
91, TECHNICAL, 4, BIOLOGICAL, 257, 
89, TECHNICAL, 4, BIOLOGICAL, 267, 
86, TECHNICAL, 4, BIOLOGICAL, 250, 
86, TECHNICAL, 4, BIOLOGICAL, 249, 
83, TECHNICAL, 4, BIOLOGICAL, 260, 
83, TECHNICAL, 4, BIOLOGICAL, 258, 
81, TECHNICAL, 4, BIOLOGICAL, 252, 
81, TECHNICAL, 4, BIOLOGICAL, 272, 
79, TECHNICAL, 4, BIOLOGICAL, 268, 
77, TECHNICAL, 4, BIOLOGICAL, 248, 
72, TECHNICAL, 4, BIOLOGICAL, 275, 
70, TECHNICAL, 4, BIOLOGICAL, 277, 
68, TECHNICAL, 4, BIOLOGICAL, 251, 
68, TECHNICAL, 4, BIOLOGICAL, 273, 
64, TECHNICAL, 4, BIOLOGICAL, 247, 
62, TECHNICAL, 4, BIOLOGICAL, 276, 
62, TECHNICAL, 4, BIOLOGICAL, 246, 
58, TECHNICAL, 4, BIOLOGICAL, 274, 
55, TECHNICAL, 4, BIOLOGICAL, 244, 
55, TECHNICAL, 4, BIOLOGICAL, 271, 
54, TECHNICAL, 4, BIOLOGICAL, 245, 
53, TECHNICAL, 4, BIOLOGICAL, 243, 
50, TECHNICAL, 4, BIOLOGICAL, 242, 
46, TECHNICAL, 4, BIOLOGICAL, 281, 
44, TECHNICAL, 4, BIOLOGICAL, 280, 
41, TECHNICAL, 4, BIOLOGICAL, 282, 
39, TECHNICAL, 4, BIOLOGICAL, 278, 
38, TECHNICAL, 4, BIOLOGICAL, 241, 
38, TECHNICAL, 4, BIOLOGICAL, 240, 
38, TECHNICAL, 4, BIOLOGICAL, 239, 
38, TECHNICAL, 4, BIOLOGICAL, 283, 
38, TECHNICAL, 4, BIOLOGICAL, 279, 
35, TECHNICAL, 4, BIOLOGICAL, 286, 
30, TECHNICAL, 4, BIOLOGICAL, 290, 
30, TECHNICAL, 4, BIOLOGICAL, 287, 
28, TECHNICAL, 4, BIOLOGICAL, 238, 
27, TECHNICAL, 4, BIOLOGICAL, 285, 
27, TECHNICAL, 4, BIOLOGICAL, 284, 
24, TECHNICAL, 4, BIOLOGICAL, 237, 
24, TECHNICAL, 4, BIOLOGICAL, 233, 
23, TECHNICAL, 4, BIOLOGICAL, 288, 
21, TECHNICAL, 4, BIOLOGICAL, 294, 
21, TECHNICAL, 4, BIOLOGICAL, 232, 
21, TECHNICAL, 4, BIOLOGICAL, 236, 
19, TECHNICAL, 4, BIOLOGICAL, 235, 
19, TECHNICAL, 4, BIOLOGICAL, 289, 
18, TECHNICAL, 4, BIOLOGICAL, 291, 
17, TECHNICAL, 4, BIOLOGICAL, 234, 
16, TECHNICAL, 4, BIOLOGICAL, 297, 
15, TECHNICAL, 4, BIOLOGICAL, 229, 
15, TECHNICAL, 4, BIOLOGICAL, 296, 
15, TECHNICAL, 4, BIOLOGICAL, 230, 
14, TECHNICAL, 4, BIOLOGICAL, 293, 
13, TECHNICAL, 4, BIOLOGICAL, 228, 
13, TECHNICAL, 4, BIOLOGICAL, 225, 
13, TECHNICAL, 4, BIOLOGICAL, 215, 
12, TECHNICAL, 4, BIOLOGICAL, 303, 
12, TECHNICAL, 4, BIOLOGICAL, 211, 
12, TECHNICAL, 4, BIOLOGICAL, 223, 
12, TECHNICAL, 4, BIOLOGICAL, 292, 
11, TECHNICAL, 4, BIOLOGICAL, 216, 
11, TECHNICAL, 4, BIOLOGICAL, 164, 
11, TECHNICAL, 4, BIOLOGICAL, 213, 
10, TECHNICAL, 4, BIOLOGICAL, 231, 
10, TECHNICAL, 4, BIOLOGICAL, 300, 
10, TECHNICAL, 4, BIOLOGICAL, 301, 
10, TECHNICAL, 4, BIOLOGICAL, 226, 
10, TECHNICAL, 4, BIOLOGICAL, 191, 
10, TECHNICAL, 4, BIOLOGICAL, 217, 
9, TECHNICAL, 4, BIOLOGICAL, 212, 
9, TECHNICAL, 4, BIOLOGICAL, 203, 
9, TECHNICAL, 4, BIOLOGICAL, 221, 
9, TECHNICAL, 4, BIOLOGICAL, 185, 
9, TECHNICAL, 4, BIOLOGICAL, 165, 
9, TECHNICAL, 4, BIOLOGICAL, 295, 
9, TECHNICAL, 4, BIOLOGICAL, 177, 
9, TECHNICAL, 4, BIOLOGICAL, 299, 
9, TECHNICAL, 4, BIOLOGICAL, 169, 
8, TECHNICAL, 4, BIOLOGICAL, 174, 
8, TECHNICAL, 4, BIOLOGICAL, 224, 
8, TECHNICAL, 4, BIOLOGICAL, 210, 
8, TECHNICAL, 4, BIOLOGICAL, 198, 
8, TECHNICAL, 4, BIOLOGICAL, 178, 
8, TECHNICAL, 4, BIOLOGICAL, 180, 
8, TECHNICAL, 4, BIOLOGICAL, 218, 
8, TECHNICAL, 4, BIOLOGICAL, 306, 
7, TECHNICAL, 4, BIOLOGICAL, 166, 
7, TECHNICAL, 4, BIOLOGICAL, 305, 
7, TECHNICAL, 4, BIOLOGICAL, 222, 
7, TECHNICAL, 4, BIOLOGICAL, 298, 
7, TECHNICAL, 4, BIOLOGICAL, 309, 
7, TECHNICAL, 4, BIOLOGICAL, 158, 
7, TECHNICAL, 4, BIOLOGICAL, 207, 
7, TECHNICAL, 4, BIOLOGICAL, 190, 
7, TECHNICAL, 4, BIOLOGICAL, 204, 
7, TECHNICAL, 4, BIOLOGICAL, 167, 
7, TECHNICAL, 4, BIOLOGICAL, 202, 
7, TECHNICAL, 4, BIOLOGICAL, 197, 
7, TECHNICAL, 4, BIOLOGICAL, 186, 
6, TECHNICAL, 4, BIOLOGICAL, 227, 
6, TECHNICAL, 4, BIOLOGICAL, 302, 
6, TECHNICAL, 4, BIOLOGICAL, 205, 
6, TECHNICAL, 4, BIOLOGICAL, 146, 
6, TECHNICAL, 4, BIOLOGICAL, 183, 
6, TECHNICAL, 4, BIOLOGICAL, 173, 
6, TECHNICAL, 4, BIOLOGICAL, 189, 
6, TECHNICAL, 4, BIOLOGICAL, 220, 
6, TECHNICAL, 4, BIOLOGICAL, 200, 
6, TECHNICAL, 4, BIOLOGICAL, 142, 
6, TECHNICAL, 4, BIOLOGICAL, 206, 
6, TECHNICAL, 4, BIOLOGICAL, 208, 
6, TECHNICAL, 4, BIOLOGICAL, 138, 
6, TECHNICAL, 4, BIOLOGICAL, 219, 
5, TECHNICAL, 4, BIOLOGICAL, 145, 
5, TECHNICAL, 4, BIOLOGICAL, 168, 
5, TECHNICAL, 4, BIOLOGICAL, 150, 
5, TECHNICAL, 4, BIOLOGICAL, 151, 
5, TECHNICAL, 4, BIOLOGICAL, 160, 
5, TECHNICAL, 4, BIOLOGICAL, 162, 
5, TECHNICAL, 4, BIOLOGICAL, 133, 
5, TECHNICAL, 4, BIOLOGICAL, 175, 
5, TECHNICAL, 4, BIOLOGICAL, 182, 
5, TECHNICAL, 4, BIOLOGICAL, 195, 
5, TECHNICAL, 4, BIOLOGICAL, 193, 
5, TECHNICAL, 4, BIOLOGICAL, 192, 
5, TECHNICAL, 4, BIOLOGICAL, 199, 
5, TECHNICAL, 4, BIOLOGICAL, 201, 
5, TECHNICAL, 4, BIOLOGICAL, 304, 
5, TECHNICAL, 4, BIOLOGICAL, 209, 
5, TECHNICAL, 4, BIOLOGICAL, 214, 
4, TECHNICAL, 4, BIOLOGICAL, 314, 
4, TECHNICAL, 4, BIOLOGICAL, 129, 
4, TECHNICAL, 4, BIOLOGICAL, 313, 
4, TECHNICAL, 4, BIOLOGICAL, 196, 
4, TECHNICAL, 4, BIOLOGICAL, 135, 
4, TECHNICAL, 4, BIOLOGICAL, 120, 
4, TECHNICAL, 4, BIOLOGICAL, 181, 
4, TECHNICAL, 4, BIOLOGICAL, 194, 
4, TECHNICAL, 4, BIOLOGICAL, 113, 
4, TECHNICAL, 4, BIOLOGICAL, 154, 
4, TECHNICAL, 4, BIOLOGICAL, 179, 
4, TECHNICAL, 4, BIOLOGICAL, 188, 
4, TECHNICAL, 4, BIOLOGICAL, 171, 
4, TECHNICAL, 4, BIOLOGICAL, 170, 
4, TECHNICAL, 4, BIOLOGICAL, 330, 
4, TECHNICAL, 4, BIOLOGICAL, 308, 
4, TECHNICAL, 4, BIOLOGICAL, 159, 
4, TECHNICAL, 4, BIOLOGICAL, 157, 
3, TECHNICAL, 4, BIOLOGICAL, 147, 
3, TECHNICAL, 4, BIOLOGICAL, 324, 
3, TECHNICAL, 4, BIOLOGICAL, 328, 
3, TECHNICAL, 4, BIOLOGICAL, 317, 
3, TECHNICAL, 4, BIOLOGICAL, 315, 
3, TECHNICAL, 4, BIOLOGICAL, 337, 
3, TECHNICAL, 4, BIOLOGICAL, 109, 
3, TECHNICAL, 4, BIOLOGICAL, 95, 
3, TECHNICAL, 4, BIOLOGICAL, 99, 
3, TECHNICAL, 4, BIOLOGICAL, 111, 
3, TECHNICAL, 4, BIOLOGICAL, 137, 
3, TECHNICAL, 4, BIOLOGICAL, 184, 
3, TECHNICAL, 4, BIOLOGICAL, 176, 
3, TECHNICAL, 4, BIOLOGICAL, 172, 
3, TECHNICAL, 4, BIOLOGICAL, 310, 
3, TECHNICAL, 4, BIOLOGICAL, 153, 
3, TECHNICAL, 4, BIOLOGICAL, 152, 
3, TECHNICAL, 4, BIOLOGICAL, 311, 
3, TECHNICAL, 4, BIOLOGICAL, 148, 
3, TECHNICAL, 4, BIOLOGICAL, 136, 
3, TECHNICAL, 4, BIOLOGICAL, 139, 
3, TECHNICAL, 4, BIOLOGICAL, 141, 
3, TECHNICAL, 4, BIOLOGICAL, 144, 
3, TECHNICAL, 4, BIOLOGICAL, 140, 
2, TECHNICAL, 4, BIOLOGICAL, 379, 
2, TECHNICAL, 4, BIOLOGICAL, 348, 
2, TECHNICAL, 4, BIOLOGICAL, 355, 
2, TECHNICAL, 4, BIOLOGICAL, 346, 
2, TECHNICAL, 4, BIOLOGICAL, 344, 
2, TECHNICAL, 4, BIOLOGICAL, 343, 
2, TECHNICAL, 4, BIOLOGICAL, 363, 
2, TECHNICAL, 4, BIOLOGICAL, 340, 
2, TECHNICAL, 4, BIOLOGICAL, 329, 
2, TECHNICAL, 4, BIOLOGICAL, 312, 
2, TECHNICAL, 4, BIOLOGICAL, 319, 
2, TECHNICAL, 4, BIOLOGICAL, 320, 
2, TECHNICAL, 4, BIOLOGICAL, 327, 
2, TECHNICAL, 4, BIOLOGICAL, 326, 
2, TECHNICAL, 4, BIOLOGICAL, 322, 
2, TECHNICAL, 4, BIOLOGICAL, 372, 
2, TECHNICAL, 4, BIOLOGICAL, 110, 
2, TECHNICAL, 4, BIOLOGICAL, 161, 
2, TECHNICAL, 4, BIOLOGICAL, 156, 
2, TECHNICAL, 4, BIOLOGICAL, 155, 
2, TECHNICAL, 4, BIOLOGICAL, 149, 
2, TECHNICAL, 4, BIOLOGICAL, 108, 
2, TECHNICAL, 4, BIOLOGICAL, 115, 
2, TECHNICAL, 4, BIOLOGICAL, 132, 
2, TECHNICAL, 4, BIOLOGICAL, 105, 
2, TECHNICAL, 4, BIOLOGICAL, 130, 
2, TECHNICAL, 4, BIOLOGICAL, 128, 
2, TECHNICAL, 4, BIOLOGICAL, 98, 
2, TECHNICAL, 4, BIOLOGICAL, 83, 
1, TECHNICAL, 4, BIOLOGICAL, 362, 
1, TECHNICAL, 4, BIOLOGICAL, 368, 
1, TECHNICAL, 4, BIOLOGICAL, 439, 
1, TECHNICAL, 4, BIOLOGICAL, 448, 
1, TECHNICAL, 4, BIOLOGICAL, 490, 
1, TECHNICAL, 4, BIOLOGICAL, 418, 
1, TECHNICAL, 4, BIOLOGICAL, 57, 
1, TECHNICAL, 4, BIOLOGICAL, 361, 
1, TECHNICAL, 4, BIOLOGICAL, 360, 
1, TECHNICAL, 4, BIOLOGICAL, 359, 
1, TECHNICAL, 4, BIOLOGICAL, 571, 
1, TECHNICAL, 4, BIOLOGICAL, 434, 
1, TECHNICAL, 4, BIOLOGICAL, 427, 
1, TECHNICAL, 4, BIOLOGICAL, 381, 
1, TECHNICAL, 4, BIOLOGICAL, 405, 
1, TECHNICAL, 4, BIOLOGICAL, 374, 
1, TECHNICAL, 4, BIOLOGICAL, 400, 
1, TECHNICAL, 4, BIOLOGICAL, 375, 
1, TECHNICAL, 4, BIOLOGICAL, 398, 
1, TECHNICAL, 4, BIOLOGICAL, 376, 
1, TECHNICAL, 4, BIOLOGICAL, 377, 
1, TECHNICAL, 4, BIOLOGICAL, 394, 
1, TECHNICAL, 4, BIOLOGICAL, 385, 
1, TECHNICAL, 4, BIOLOGICAL, 384, 
1, TECHNICAL, 4, BIOLOGICAL, 383, 
1, TECHNICAL, 4, BIOLOGICAL, 163, 
1, TECHNICAL, 4, BIOLOGICAL, 64, 
1, TECHNICAL, 4, BIOLOGICAL, 77, 
1, TECHNICAL, 4, BIOLOGICAL, 91, 
1, TECHNICAL, 4, BIOLOGICAL, 104, 
1, TECHNICAL, 4, BIOLOGICAL, 114, 
1, TECHNICAL, 4, BIOLOGICAL, 116, 
1, TECHNICAL, 4, BIOLOGICAL, 122, 
1, TECHNICAL, 4, BIOLOGICAL, 124, 
1, TECHNICAL, 4, BIOLOGICAL, 125, 
1, TECHNICAL, 4, BIOLOGICAL, 127, 
1, TECHNICAL, 4, BIOLOGICAL, 131, 
1, TECHNICAL, 4, BIOLOGICAL, 134, 
1, TECHNICAL, 4, BIOLOGICAL, 143, 
1, TECHNICAL, 4, BIOLOGICAL, 354, 
1, TECHNICAL, 4, BIOLOGICAL, 187, 
1, TECHNICAL, 4, BIOLOGICAL, 307, 
1, TECHNICAL, 4, BIOLOGICAL, 316, 
1, TECHNICAL, 4, BIOLOGICAL, 318, 
1, TECHNICAL, 4, BIOLOGICAL, 321, 
1, TECHNICAL, 4, BIOLOGICAL, 323, 
1, TECHNICAL, 4, BIOLOGICAL, 325, 
1, TECHNICAL, 4, BIOLOGICAL, 331, 
1, TECHNICAL, 4, BIOLOGICAL, 341, 
1, TECHNICAL, 4, BIOLOGICAL, 347, 
1, TECHNICAL, 4, BIOLOGICAL, 351, 
1, TECHNICAL, 4, BIOLOGICAL, 352, 
1, TECHNICAL, 4, BIOLOGICAL, 353, 

