51 spots: BIOLOGICAL(length=1422)
51 spots: BIOLOGICAL(length=1600)
51 spots: BIOLOGICAL(length=1608)
50 spots: BIOLOGICAL(length=1369)
50 spots: BIOLOGICAL(length=1416)
48 spots: BIOLOGICAL(length=1348)
48 spots: BIOLOGICAL(length=1335)
48 spots: BIOLOGICAL(length=1393)
48 spots: BIOLOGICAL(length=1385)
47 spots: BIOLOGICAL(length=1564)
47 spots: BIOLOGICAL(length=1565)
47 spots: BIOLOGICAL(length=1409)
47 spots: BIOLOGICAL(length=1410)
47 spots: BIOLOGICAL(length=1449)
46 spots: BIOLOGICAL(length=1408)
46 spots: BIOLOGICAL(length=1421)
46 spots: BIOLOGICAL(length=1362)
46 spots: BIOLOGICAL(length=1434)
45 spots: BIOLOGICAL(length=1445)
45 spots: BIOLOGICAL(length=1376)
44 spots: BIOLOGICAL(length=1358)
44 spots: BIOLOGICAL(length=1509)
44 spots: BIOLOGICAL(length=1430)
44 spots: BIOLOGICAL(length=1625)
44 spots: BIOLOGICAL(length=1312)
44 spots: BIOLOGICAL(length=1668)
44 spots: BIOLOGICAL(length=1680)
44 spots: BIOLOGICAL(length=1319)
44 spots: BIOLOGICAL(length=1659)
43 spots: BIOLOGICAL(length=1364)
43 spots: BIOLOGICAL(length=1363)
43 spots: BIOLOGICAL(length=1590)
43 spots: BIOLOGICAL(length=1426)
43 spots: BIOLOGICAL(length=1653)
43 spots: BIOLOGICAL(length=1627)
43 spots: BIOLOGICAL(length=1602)
43 spots: BIOLOGICAL(length=1567)
43 spots: BIOLOGICAL(length=1609)
43 spots: BIOLOGICAL(length=1643)
43 spots: BIOLOGICAL(length=1640)
43 spots: BIOLOGICAL(length=1343)
43 spots: BIOLOGICAL(length=1320)
42 spots: BIOLOGICAL(length=1619)
42 spots: BIOLOGICAL(length=1251)
42 spots: BIOLOGICAL(length=1469)
42 spots: BIOLOGICAL(length=1260)
42 spots: BIOLOGICAL(length=1419)
42 spots: BIOLOGICAL(length=1401)
42 spots: BIOLOGICAL(length=1351)
42 spots: BIOLOGICAL(length=1404)
42 spots: BIOLOGICAL(length=1679)
42 spots: BIOLOGICAL(length=1332)
42 spots: BIOLOGICAL(length=1325)
42 spots: BIOLOGICAL(length=1647)
42 spots: BIOLOGICAL(length=1676)
42 spots: BIOLOGICAL(length=1433)
42 spots: BIOLOGICAL(length=1479)
41 spots: BIOLOGICAL(length=1681)
41 spots: BIOLOGICAL(length=1587)
41 spots: BIOLOGICAL(length=1360)
41 spots: BIOLOGICAL(length=1646)
41 spots: BIOLOGICAL(length=1395)
41 spots: BIOLOGICAL(length=1435)
41 spots: BIOLOGICAL(length=1414)
41 spots: BIOLOGICAL(length=1405)
41 spots: BIOLOGICAL(length=1240)
41 spots: BIOLOGICAL(length=1372)
41 spots: BIOLOGICAL(length=1573)
41 spots: BIOLOGICAL(length=764)
41 spots: BIOLOGICAL(length=1345)
41 spots: BIOLOGICAL(length=830)
41 spots: BIOLOGICAL(length=1644)
41 spots: BIOLOGICAL(length=1334)
40 spots: BIOLOGICAL(length=1352)
40 spots: BIOLOGICAL(length=1642)
40 spots: BIOLOGICAL(length=1631)
40 spots: BIOLOGICAL(length=1398)
40 spots: BIOLOGICAL(length=1413)
40 spots: BIOLOGICAL(length=1731)
40 spots: BIOLOGICAL(length=1396)
40 spots: BIOLOGICAL(length=1582)
40 spots: BIOLOGICAL(length=1623)
40 spots: BIOLOGICAL(length=1402)
40 spots: BIOLOGICAL(length=1383)
39 spots: BIOLOGICAL(length=1555)
39 spots: BIOLOGICAL(length=1612)
39 spots: BIOLOGICAL(length=1618)
39 spots: BIOLOGICAL(length=1662)
39 spots: BIOLOGICAL(length=1671)
39 spots: BIOLOGICAL(length=1635)
39 spots: BIOLOGICAL(length=1457)
39 spots: BIOLOGICAL(length=1171)
39 spots: BIOLOGICAL(length=805)
39 spots: BIOLOGICAL(length=1380)
39 spots: BIOLOGICAL(length=1684)
39 spots: BIOLOGICAL(length=1347)
39 spots: BIOLOGICAL(length=1344)
39 spots: BIOLOGICAL(length=1374)
39 spots: BIOLOGICAL(length=1689)
39 spots: BIOLOGICAL(length=1589)

