47 spots: BIOLOGICAL(length=378)
45 spots: BIOLOGICAL(length=898)
45 spots: BIOLOGICAL(length=887)
43 spots: BIOLOGICAL(length=970)
42 spots: BIOLOGICAL(length=389)
41 spots: BIOLOGICAL(length=998)
40 spots: BIOLOGICAL(length=1181)
40 spots: BIOLOGICAL(length=983)
40 spots: BIOLOGICAL(length=922)
40 spots: BIOLOGICAL(length=901)
40 spots: BIOLOGICAL(length=879)
40 spots: BIOLOGICAL(length=866)
40 spots: BIOLOGICAL(length=381)
39 spots: BIOLOGICAL(length=1190)
39 spots: BIOLOGICAL(length=984)
39 spots: BIOLOGICAL(length=946)
38 spots: BIOLOGICAL(length=1035)
38 spots: BIOLOGICAL(length=960)
38 spots: BIOLOGICAL(length=954)
38 spots: BIOLOGICAL(length=934)
38 spots: BIOLOGICAL(length=916)
38 spots: BIOLOGICAL(length=889)
38 spots: BIOLOGICAL(length=844)
38 spots: BIOLOGICAL(length=835)
38 spots: BIOLOGICAL(length=401)
37 spots: BIOLOGICAL(length=1003)
37 spots: BIOLOGICAL(length=975)
37 spots: BIOLOGICAL(length=949)
37 spots: BIOLOGICAL(length=948)
37 spots: BIOLOGICAL(length=942)
37 spots: BIOLOGICAL(length=927)
37 spots: BIOLOGICAL(length=918)
37 spots: BIOLOGICAL(length=903)
37 spots: BIOLOGICAL(length=890)
37 spots: BIOLOGICAL(length=864)
37 spots: BIOLOGICAL(length=395)
37 spots: BIOLOGICAL(length=394)
36 spots: BIOLOGICAL(length=1033)
36 spots: BIOLOGICAL(length=1007)
36 spots: BIOLOGICAL(length=986)
36 spots: BIOLOGICAL(length=974)
36 spots: BIOLOGICAL(length=969)
36 spots: BIOLOGICAL(length=943)
36 spots: BIOLOGICAL(length=937)
36 spots: BIOLOGICAL(length=920)
36 spots: BIOLOGICAL(length=907)
36 spots: BIOLOGICAL(length=902)
36 spots: BIOLOGICAL(length=897)
36 spots: BIOLOGICAL(length=883)
36 spots: BIOLOGICAL(length=872)
36 spots: BIOLOGICAL(length=846)
36 spots: BIOLOGICAL(length=832)
35 spots: BIOLOGICAL(length=1088)
35 spots: BIOLOGICAL(length=1082)
35 spots: BIOLOGICAL(length=1076)
35 spots: BIOLOGICAL(length=1073)
35 spots: BIOLOGICAL(length=1066)
35 spots: BIOLOGICAL(length=1055)
35 spots: BIOLOGICAL(length=1049)
35 spots: BIOLOGICAL(length=1020)
35 spots: BIOLOGICAL(length=1017)
35 spots: BIOLOGICAL(length=1014)
35 spots: BIOLOGICAL(length=985)
35 spots: BIOLOGICAL(length=981)
35 spots: BIOLOGICAL(length=959)
35 spots: BIOLOGICAL(length=933)
35 spots: BIOLOGICAL(length=921)
35 spots: BIOLOGICAL(length=915)
35 spots: BIOLOGICAL(length=911)
35 spots: BIOLOGICAL(length=910)
35 spots: BIOLOGICAL(length=405)
35 spots: BIOLOGICAL(length=398)
35 spots: BIOLOGICAL(length=372)
34 spots: BIOLOGICAL(length=1102)
34 spots: BIOLOGICAL(length=1096)
34 spots: BIOLOGICAL(length=1027)
34 spots: BIOLOGICAL(length=1025)
34 spots: BIOLOGICAL(length=1004)
34 spots: BIOLOGICAL(length=979)
34 spots: BIOLOGICAL(length=956)
34 spots: BIOLOGICAL(length=951)
34 spots: BIOLOGICAL(length=950)
34 spots: BIOLOGICAL(length=895)
34 spots: BIOLOGICAL(length=894)
34 spots: BIOLOGICAL(length=873)
34 spots: BIOLOGICAL(length=868)
34 spots: BIOLOGICAL(length=867)
34 spots: BIOLOGICAL(length=836)
34 spots: BIOLOGICAL(length=422)
34 spots: BIOLOGICAL(length=404)
34 spots: BIOLOGICAL(length=396)
34 spots: BIOLOGICAL(length=391)
33 spots: BIOLOGICAL(length=1048)
33 spots: BIOLOGICAL(length=1045)
33 spots: BIOLOGICAL(length=1042)
33 spots: BIOLOGICAL(length=1030)
33 spots: BIOLOGICAL(length=1006)
33 spots: BIOLOGICAL(length=1005)
33 spots: BIOLOGICAL(length=999)
33 spots: BIOLOGICAL(length=995)
