80297 spots: BIOLOGICAL(length=0)
5 spots: BIOLOGICAL(length=1816)
5 spots: BIOLOGICAL(length=1774)
5 spots: BIOLOGICAL(length=1493)
5 spots: BIOLOGICAL(length=1347)
4 spots: BIOLOGICAL(length=1980)
4 spots: BIOLOGICAL(length=1869)
4 spots: BIOLOGICAL(length=1839)
4 spots: BIOLOGICAL(length=1733)
4 spots: BIOLOGICAL(length=1681)
4 spots: BIOLOGICAL(length=1657)
4 spots: BIOLOGICAL(length=1621)
4 spots: BIOLOGICAL(length=1615)
4 spots: BIOLOGICAL(length=1610)
4 spots: BIOLOGICAL(length=1587)
4 spots: BIOLOGICAL(length=1549)
4 spots: BIOLOGICAL(length=1512)
4 spots: BIOLOGICAL(length=1476)
4 spots: BIOLOGICAL(length=1466)
4 spots: BIOLOGICAL(length=1442)
4 spots: BIOLOGICAL(length=1421)
4 spots: BIOLOGICAL(length=1403)
4 spots: BIOLOGICAL(length=1395)
4 spots: BIOLOGICAL(length=1383)
4 spots: BIOLOGICAL(length=1365)
4 spots: BIOLOGICAL(length=1296)
4 spots: BIOLOGICAL(length=1253)
3 spots: BIOLOGICAL(length=2390)
3 spots: BIOLOGICAL(length=2350)
3 spots: BIOLOGICAL(length=2313)
3 spots: BIOLOGICAL(length=2293)
3 spots: BIOLOGICAL(length=2276)
3 spots: BIOLOGICAL(length=2274)
3 spots: BIOLOGICAL(length=2138)
3 spots: BIOLOGICAL(length=2081)
3 spots: BIOLOGICAL(length=2042)
3 spots: BIOLOGICAL(length=2027)
3 spots: BIOLOGICAL(length=2002)
3 spots: BIOLOGICAL(length=1982)
3 spots: BIOLOGICAL(length=1978)
3 spots: BIOLOGICAL(length=1956)
3 spots: BIOLOGICAL(length=1876)
3 spots: BIOLOGICAL(length=1860)
3 spots: BIOLOGICAL(length=1858)
3 spots: BIOLOGICAL(length=1847)
3 spots: BIOLOGICAL(length=1829)
3 spots: BIOLOGICAL(length=1798)
3 spots: BIOLOGICAL(length=1795)
3 spots: BIOLOGICAL(length=1782)
3 spots: BIOLOGICAL(length=1761)
3 spots: BIOLOGICAL(length=1744)
3 spots: BIOLOGICAL(length=1738)
3 spots: BIOLOGICAL(length=1736)
3 spots: BIOLOGICAL(length=1730)
3 spots: BIOLOGICAL(length=1727)
3 spots: BIOLOGICAL(length=1723)
3 spots: BIOLOGICAL(length=1700)
3 spots: BIOLOGICAL(length=1693)
3 spots: BIOLOGICAL(length=1691)
3 spots: BIOLOGICAL(length=1689)
3 spots: BIOLOGICAL(length=1680)
3 spots: BIOLOGICAL(length=1675)
3 spots: BIOLOGICAL(length=1671)
3 spots: BIOLOGICAL(length=1670)
3 spots: BIOLOGICAL(length=1650)
3 spots: BIOLOGICAL(length=1647)
3 spots: BIOLOGICAL(length=1641)
3 spots: BIOLOGICAL(length=1630)
3 spots: BIOLOGICAL(length=1612)
3 spots: BIOLOGICAL(length=1588)
3 spots: BIOLOGICAL(length=1573)
3 spots: BIOLOGICAL(length=1570)
3 spots: BIOLOGICAL(length=1563)
3 spots: BIOLOGICAL(length=1561)
3 spots: BIOLOGICAL(length=1544)
3 spots: BIOLOGICAL(length=1538)
3 spots: BIOLOGICAL(length=1535)
3 spots: BIOLOGICAL(length=1534)
3 spots: BIOLOGICAL(length=1505)
3 spots: BIOLOGICAL(length=1488)
3 spots: BIOLOGICAL(length=1480)
3 spots: BIOLOGICAL(length=1467)
3 spots: BIOLOGICAL(length=1464)
3 spots: BIOLOGICAL(length=1462)
3 spots: BIOLOGICAL(length=1459)
3 spots: BIOLOGICAL(length=1446)
3 spots: BIOLOGICAL(length=1439)
3 spots: BIOLOGICAL(length=1437)
3 spots: BIOLOGICAL(length=1429)
3 spots: BIOLOGICAL(length=1404)
3 spots: BIOLOGICAL(length=1392)
3 spots: BIOLOGICAL(length=1388)
3 spots: BIOLOGICAL(length=1385)
3 spots: BIOLOGICAL(length=1361)
3 spots: BIOLOGICAL(length=1354)
3 spots: BIOLOGICAL(length=1349)
3 spots: BIOLOGICAL(length=1337)
3 spots: BIOLOGICAL(length=1336)
3 spots: BIOLOGICAL(length=1319)
3 spots: BIOLOGICAL(length=1315)
