1801266854 spots: BIOLOGICAL|FORWARD(length=35), BIOLOGICAL|FORWARD(length=35)
433895515 spots: BIOLOGICAL|REVERSE(length=35), BIOLOGICAL|REVERSE(length=35)
228536712 spots: BIOLOGICAL|REVERSE(length=35), BIOLOGICAL|FORWARD(length=35)
198455322 spots: BIOLOGICAL|FORWARD(length=35), BIOLOGICAL|REVERSE(length=35)
