119 spots: T4, B259
112 spots: T4, B256
110 spots: T4, B265
103 spots: T4, B261
99 spots: T4, B270
99 spots: T4, B262
96 spots: T4, B269
95 spots: T4, B253
95 spots: T4, B264
93 spots: T4, B266
93 spots: T4, B255
92 spots: T4, B263
91 spots: T4, B254
91 spots: T4, B257
89 spots: T4, B267
86 spots: T4, B250
86 spots: T4, B249
83 spots: T4, B260
83 spots: T4, B258
81 spots: T4, B252
81 spots: T4, B272
79 spots: T4, B268
77 spots: T4, B248
72 spots: T4, B275
70 spots: T4, B277
68 spots: T4, B251
68 spots: T4, B273
64 spots: T4, B247
62 spots: T4, B276
62 spots: T4, B246
58 spots: T4, B274
55 spots: T4, B244
55 spots: T4, B271
54 spots: T4, B245
53 spots: T4, B243
50 spots: T4, B242
46 spots: T4, B281
44 spots: T4, B280
41 spots: T4, B282
39 spots: T4, B278
38 spots: T4, B241
38 spots: T4, B240
38 spots: T4, B239
38 spots: T4, B283
38 spots: T4, B279
35 spots: T4, B286
30 spots: T4, B290
30 spots: T4, B287
28 spots: T4, B238
27 spots: T4, B285
27 spots: T4, B284
24 spots: T4, B237
24 spots: T4, B233
23 spots: T4, B288
21 spots: T4, B294
21 spots: T4, B232
21 spots: T4, B236
19 spots: T4, B235
19 spots: T4, B289
18 spots: T4, B291
17 spots: T4, B234
16 spots: T4, B297
15 spots: T4, B229
15 spots: T4, B296
15 spots: T4, B230
14 spots: T4, B293
13 spots: T4, B228
13 spots: T4, B225
13 spots: T4, B215
12 spots: T4, B303
12 spots: T4, B211
12 spots: T4, B223
12 spots: T4, B292
11 spots: T4, B216
11 spots: T4, B164
11 spots: T4, B213
10 spots: T4, B231
10 spots: T4, B300
10 spots: T4, B301
10 spots: T4, B226
10 spots: T4, B191
10 spots: T4, B217
9 spots: T4, B212
9 spots: T4, B203
9 spots: T4, B221
9 spots: T4, B185
9 spots: T4, B165
9 spots: T4, B295
9 spots: T4, B177
9 spots: T4, B299
9 spots: T4, B169
8 spots: T4, B174
8 spots: T4, B224
8 spots: T4, B210
8 spots: T4, B198
8 spots: T4, B178
8 spots: T4, B180
8 spots: T4, B218
8 spots: T4, B306
7 spots: T4, B166
7 spots: T4, B305
7 spots: T4, B222
7 spots: T4, B298
7 spots: T4, B309
7 spots: T4, B158
7 spots: T4, B207
7 spots: T4, B190
7 spots: T4, B204
7 spots: T4, B167
7 spots: T4, B202
7 spots: T4, B197
7 spots: T4, B186
6 spots: T4, B227
6 spots: T4, B302
6 spots: T4, B205
6 spots: T4, B146
6 spots: T4, B183
6 spots: T4, B173
6 spots: T4, B189
6 spots: T4, B220
6 spots: T4, B200
6 spots: T4, B142
6 spots: T4, B206
6 spots: T4, B208
6 spots: T4, B138
6 spots: T4, B219
5 spots: T4, B145
5 spots: T4, B168
5 spots: T4, B150
5 spots: T4, B151
5 spots: T4, B160
5 spots: T4, B162
5 spots: T4, B133
5 spots: T4, B175
5 spots: T4, B182
5 spots: T4, B195
5 spots: T4, B193
5 spots: T4, B192
5 spots: T4, B199
5 spots: T4, B201
5 spots: T4, B304
5 spots: T4, B209
5 spots: T4, B214
4 spots: T4, B314
4 spots: T4, B129
4 spots: T4, B313
4 spots: T4, B196
4 spots: T4, B135
4 spots: T4, B120
4 spots: T4, B181
4 spots: T4, B194
4 spots: T4, B113
4 spots: T4, B154
4 spots: T4, B179
4 spots: T4, B188
4 spots: T4, B171
4 spots: T4, B170
4 spots: T4, B330
4 spots: T4, B308
4 spots: T4, B159
4 spots: T4, B157
3 spots: T4, B147
3 spots: T4, B324
3 spots: T4, B328
3 spots: T4, B317
3 spots: T4, B315
3 spots: T4, B337
3 spots: T4, B109
3 spots: T4, B95
3 spots: T4, B99
3 spots: T4, B111
3 spots: T4, B137
3 spots: T4, B184
3 spots: T4, B176
3 spots: T4, B172
3 spots: T4, B310
3 spots: T4, B153
3 spots: T4, B152
3 spots: T4, B311
3 spots: T4, B148
3 spots: T4, B136
3 spots: T4, B139
3 spots: T4, B141
3 spots: T4, B144
3 spots: T4, B140
2 spots: T4, B379
2 spots: T4, B348
2 spots: T4, B355
2 spots: T4, B346
2 spots: T4, B344
2 spots: T4, B343
2 spots: T4, B363
2 spots: T4, B340
2 spots: T4, B329
2 spots: T4, B312
2 spots: T4, B319
2 spots: T4, B320
2 spots: T4, B327
2 spots: T4, B326
2 spots: T4, B322
2 spots: T4, B372
2 spots: T4, B110
2 spots: T4, B161
2 spots: T4, B156
2 spots: T4, B155
2 spots: T4, B149
2 spots: T4, B108
2 spots: T4, B115
2 spots: T4, B132
2 spots: T4, B105
2 spots: T4, B130
2 spots: T4, B128
2 spots: T4, B98
2 spots: T4, B83
1 spot: T4, B362
1 spot: T4, B368
1 spot: T4, B439
1 spot: T4, B448
1 spot: T4, B490
1 spot: T4, B418
1 spot: T4, B57
1 spot: T4, B361
1 spot: T4, B360
1 spot: T4, B359
1 spot: T4, B571
1 spot: T4, B434
1 spot: T4, B427
1 spot: T4, B381
1 spot: T4, B405
1 spot: T4, B374
1 spot: T4, B400
1 spot: T4, B375
1 spot: T4, B398
1 spot: T4, B376
1 spot: T4, B377
1 spot: T4, B394
1 spot: T4, B385
1 spot: T4, B384
1 spot: T4, B383
1 spot: T4, B163
1 spot: T4, B64
1 spot: T4, B77
1 spot: T4, B91
1 spot: T4, B104
1 spot: T4, B114
1 spot: T4, B116
1 spot: T4, B122
1 spot: T4, B124
1 spot: T4, B125
1 spot: T4, B127
1 spot: T4, B131
1 spot: T4, B134
1 spot: T4, B143
1 spot: T4, B354
1 spot: T4, B187
1 spot: T4, B307
1 spot: T4, B316
1 spot: T4, B318
1 spot: T4, B321
1 spot: T4, B323
1 spot: T4, B325
1 spot: T4, B331
1 spot: T4, B341
1 spot: T4, B347
1 spot: T4, B351
1 spot: T4, B352
1 spot: T4, B353
