  <file id="1" path="1.fq" name="1.fq" size="14" lines="4" filetype="Read/FASTQ" md5="b7e4a472ddc29a71feb48ba48aadddc1" defline_name="D" defline_pair="3" crc32="5799249f"/>
