  <file id="1" path="2.fq" name="2.fq" size="184" lines="4" filetype="Read/FASTQ" md5="e344f0e28c10fd447a1d018307db2dd6" defline_name="654321_TEST-SHA1_s_1:2:3:456:789" defline_pair="2" crc32="c53106a1"/>
